envoy-1  | 2026-09-23T10:24:25.402281230Z [2026-09-23 10:24:25.401][1][info][main] [external/envoy/source/server/server.cc:467] initializing epoch 0 (base id=0, hot restart version=11.104)
envoy-1  | 2026-09-23T10:24:25.402358087Z [2026-09-23 10:24:25.401][1][info][main] [external/envoy/source/server/server.cc:469] statically linked extensions:
envoy-1  | 2026-09-23T10:24:25.402371199Z [2026-09-23 10:24:25.401][1][info][main] [external/envoy/source/server/server.cc:471]   envoy.guarddog_actions: envoy.watchdog.abort_action, envoy.watchdog.profile_action
envoy-1  | 2026-09-23T10:24:25.402382198Z [2026-09-23 10:24:25.401][1][info][main] [external/envoy/source/server/server.cc:471]   envoy.transport_sockets.upstream: envoy.transport_sockets.alts, envoy.transport_sockets.internal_upstream, envoy.transport_sockets.quic, envoy.transport_sockets.raw_buffer, envoy.transport_sockets.starttls, envoy.transport_sockets.tap, envoy.transport_sockets.tls, envoy.transport_sockets.upstream_proxy_protocol, raw_buffer, starttls, tls
envoy-1  | 2026-09-23T10:24:25.402394046Z [2026-09-23 10:24:25.401][1][info][main] [external/envoy/source/server/server.cc:471]   envoy.retry_priorities: envoy.retry_priorities.previous_priorities
envoy-1  | 2026-09-23T10:24:25.402404086Z [2026-09-23 10:24:25.401][1][info][main] [external/envoy/source/server/server.cc:471]   envoy.stats_sinks: envoy.dog_statsd, envoy.graphite_statsd, envoy.metrics_service, envoy.open_telemetry_stat_sink, envoy.stat_sinks.dog_statsd, envoy.stat_sinks.graphite_statsd, envoy.stat_sinks.hystrix, envoy.stat_sinks.metrics_service, envoy.stat_sinks.open_telemetry, envoy.stat_sinks.statsd, envoy.stat_sinks.wasm, envoy.statsd
envoy-1  | 2026-09-23T10:24:25.402415459Z [2026-09-23 10:24:25.401][1][info][main] [external/envoy/source/server/server.cc:471]   envoy.regex_engines: envoy.regex_engines.google_re2
envoy-1  | 2026-09-23T10:24:25.402425399Z [2026-09-23 10:24:25.401][1][info][main] [external/envoy/source/server/server.cc:471]   envoy.rate_limit_descriptors: envoy.rate_limit_descriptors.expr
envoy-1  | 2026-09-23T10:24:25.402435558Z [2026-09-23 10:24:25.401][1][info][main] [external/envoy/source/server/server.cc:471]   envoy.listener_manager_impl: envoy.listener_manager_impl.default, envoy.listener_manager_impl.validation
envoy-1  | 2026-09-23T10:24:25.402451522Z [2026-09-23 10:24:25.401][1][info][main] [external/envoy/source/server/server.cc:471]   envoy.matching.http.input: envoy.matching.inputs.destination_ip, envoy.matching.inputs.destination_port, envoy.matching.inputs.direct_source_ip, envoy.matching.inputs.dns_san, envoy.matching.inputs.filter_state, envoy.matching.inputs.network_namespace, envoy.matching.inputs.request_headers, envoy.matching.inputs.request_trailers, envoy.matching.inputs.response_headers, envoy.matching.inputs.response_trailers, envoy.matching.inputs.server_name, envoy.matching.inputs.source_ip, envoy.matching.inputs.source_port, envoy.matching.inputs.source_type, envoy.matching.inputs.status_code_class_input, envoy.matching.inputs.status_code_input, envoy.matching.inputs.subject, envoy.matching.inputs.uri_san, query_params
envoy-1  | 2026-09-23T10:24:25.402465258Z [2026-09-23 10:24:25.401][1][info][main] [external/envoy/source/server/server.cc:471]   envoy.rbac.matchers: envoy.rbac.matchers.upstream_ip_port
envoy-1  | 2026-09-23T10:24:25.402475219Z [2026-09-23 10:24:25.401][1][info][main] [external/envoy/source/server/server.cc:471]   envoy.filters.udp_listener: envoy.filters.udp.dns_filter, envoy.filters.udp_listener.udp_proxy
envoy-1  | 2026-09-23T10:24:25.402485391Z [2026-09-23 10:24:25.401][1][info][main] [external/envoy/source/server/server.cc:471]   envoy.thrift_proxy.transports: auto, framed, header, unframed
envoy-1  | 2026-09-23T10:24:25.402508458Z [2026-09-23 10:24:25.401][1][info][main] [external/envoy/source/server/server.cc:471]   envoy.route_config_update_requester: envoy.route_config_update_requester.default
envoy-1  | 2026-09-23T10:24:25.402519038Z [2026-09-23 10:24:25.401][1][info][main] [external/envoy/source/server/server.cc:471]   envoy.config_mux: envoy.config_mux.delta_grpc_mux_factory, envoy.config_mux.grpc_mux_factory, envoy.config_mux.new_grpc_mux_factory, envoy.config_mux.sotw_grpc_mux_factory
envoy-1  | 2026-09-23T10:24:25.402529495Z [2026-09-23 10:24:25.401][1][info][main] [external/envoy/source/server/server.cc:471]   envoy.internal_redirect_predicates: envoy.internal_redirect_predicates.allow_listed_routes, envoy.internal_redirect_predicates.previous_routes, envoy.internal_redirect_predicates.safe_cross_scheme
envoy-1  | 2026-09-23T10:24:25.402540211Z [2026-09-23 10:24:25.401][1][info][main] [external/envoy/source/server/server.cc:471]   envoy.network.connection_balance: envoy.network.connection_balance.dlb
envoy-1  | 2026-09-23T10:24:25.402550927Z [2026-09-23 10:24:25.402][1][info][main] [external/envoy/source/server/server.cc:471]   envoy.tls.cert_validator: envoy.tls.cert_validator.default, envoy.tls.cert_validator.spiffe
envoy-1  | 2026-09-23T10:24:25.402561211Z [2026-09-23 10:24:25.402][1][info][main] [external/envoy/source/server/server.cc:471]   envoy.resolvers: envoy.ip
envoy-1  | 2026-09-23T10:24:25.402571006Z [2026-09-23 10:24:25.402][1][info][main] [external/envoy/source/server/server.cc:471]   envoy.built_in_formatters: envoy.built_in_formatters.http.default, envoy.built_in_formatters.metadata, envoy.built_in_formatters.stream_info.default
envoy-1  | 2026-09-23T10:24:25.402581415Z [2026-09-23 10:24:25.402][1][info][main] [external/envoy/source/server/server.cc:471]   envoy.srds_factory: envoy.srds_factory.default
envoy-1  | 2026-09-23T10:24:25.402591322Z [2026-09-23 10:24:25.402][1][info][main] [external/envoy/source/server/server.cc:471]   filter_state.object: envoy.filters.listener.original_dst.local_ip, envoy.filters.listener.original_dst.remote_ip, envoy.network.application_protocols, envoy.network.transport_socket.original_dst_address, envoy.network.upstream_server_name, envoy.network.upstream_subject_alt_names, envoy.ratelimit.hits_addend, envoy.router.debug_config, envoy.tcp_proxy.cluster, envoy.tcp_proxy.disable_tunneling, envoy.tcp_proxy.per_connection_idle_timeout_ms, envoy.upstream.dynamic_host, envoy.upstream.dynamic_port
envoy-1  | 2026-09-23T10:24:25.402603459Z [2026-09-23 10:24:25.402][1][info][main] [external/envoy/source/server/server.cc:471]   envoy.wasm.runtime: envoy.wasm.runtime.null, envoy.wasm.runtime.v8
envoy-1  | 2026-09-23T10:24:25.402613423Z [2026-09-23 10:24:25.402][1][info][main] [external/envoy/source/server/server.cc:471]   envoy.dubbo_proxy.protocols: dubbo
envoy-1  | 2026-09-23T10:24:25.402623370Z [2026-09-23 10:24:25.402][1][info][main] [external/envoy/source/server/server.cc:471]   envoy.network.dns_resolver: envoy.network.dns_resolver.cares
envoy-1  | 2026-09-23T10:24:25.402633278Z [2026-09-23 10:24:25.402][1][info][main] [external/envoy/source/server/server.cc:471]   envoy.tls.key_providers: cryptomb, qat
envoy-1  | 2026-09-23T10:24:25.402643095Z [2026-09-23 10:24:25.402][1][info][main] [external/envoy/source/server/server.cc:471]   envoy.filters.upstream_network: envoy.filters.network.upstream.metadata_exchange
envoy-1  | 2026-09-23T10:24:25.402653958Z [2026-09-23 10:24:25.402][1][info][main] [external/envoy/source/server/server.cc:471]   envoy.route.early_data_policy: envoy.route.early_data_policy.default
envoy-1  | 2026-09-23T10:24:25.402668770Z [2026-09-23 10:24:25.402][1][info][main] [external/envoy/source/server/server.cc:471]   envoy.filters.http: envoy.bandwidth_limit, envoy.buffer, envoy.cors, envoy.csrf, envoy.ext_authz, envoy.ext_proc, envoy.fault, envoy.filters.http.adaptive_concurrency, envoy.filters.http.admission_control, envoy.filters.http.alternate_protocols_cache, envoy.filters.http.aws_lambda, envoy.filters.http.aws_request_signing, envoy.filters.http.bandwidth_limit, envoy.filters.http.buffer, envoy.filters.http.cache, envoy.filters.http.cdn_loop, envoy.filters.http.composite, envoy.filters.http.compressor, envoy.filters.http.connect_authority, envoy.filters.http.connect_grpc_bridge, envoy.filters.http.cors, envoy.filters.http.csrf, envoy.filters.http.custom_response, envoy.filters.http.decompressor, envoy.filters.http.dynamic_forward_proxy, envoy.filters.http.ext_authz, envoy.filters.http.ext_proc, envoy.filters.http.fault, envoy.filters.http.gcp_authn, envoy.filters.http.golang, envoy.filters.http.grpc_field_extraction, envoy.filters.http.grpc_http1_bridge, envoy.filters.http.grpc_http1_reverse_bridge, envoy.filters.http.grpc_json_transcoder, envoy.filters.http.grpc_stats, envoy.filters.http.grpc_web, envoy.filters.http.header_mutation, envoy.filters.http.header_to_metadata, envoy.filters.http.health_check, envoy.filters.http.http_dubbo_transcoder, envoy.filters.http.ip_tagging, envoy.filters.http.istio_stats, envoy.filters.http.jwt_authn, envoy.filters.http.local_ratelimit, envoy.filters.http.lua, envoy.filters.http.match_delegate, envoy.filters.http.mcp_sse_stateful_session, envoy.filters.http.oauth2, envoy.filters.http.on_demand, envoy.filters.http.original_src, envoy.filters.http.peer_metadata, envoy.filters.http.ratelimit, envoy.filters.http.rbac, envoy.filters.http.router, envoy.filters.http.set_metadata, envoy.filters.http.stateful_session, envoy.filters.http.sxg, envoy.filters.http.tap, envoy.filters.http.wasm, envoy.grpc_http1_bridge, envoy.grpc_json_transcoder, envoy.grpc_web, envoy.health_check, envoy.ip_tagging, envoy.local_rate_limit, envoy.lua, envoy.rate_limit, envoy.router, istio.alpn, istio_authn
envoy-1  | 2026-09-23T10:24:25.402699263Z [2026-09-23 10:24:25.402][1][info][main] [external/envoy/source/server/server.cc:471]   envoy.compression.decompressor: envoy.compression.brotli.decompressor, envoy.compression.gzip.decompressor, envoy.compression.zstd.decompressor
envoy-1  | 2026-09-23T10:24:25.402709919Z [2026-09-23 10:24:25.402][1][info][main] [external/envoy/source/server/server.cc:471]   envoy.quic.connection_id_generator: envoy.quic.deterministic_connection_id_generator
envoy-1  | 2026-09-23T10:24:25.402719859Z [2026-09-23 10:24:25.402][1][info][main] [external/envoy/source/server/server.cc:471]   envoy.quic.server.crypto_stream: envoy.quic.crypto_stream.server.quiche
envoy-1  | 2026-09-23T10:24:25.402729986Z [2026-09-23 10:24:25.402][1][info][main] [external/envoy/source/server/server.cc:471]   envoy.matching.action: envoy.matching.actions.format_string, filter-chain-name
envoy-1  | 2026-09-23T10:24:25.402739935Z [2026-09-23 10:24:25.402][1][info][main] [external/envoy/source/server/server.cc:471]   envoy.http.cache: envoy.extensions.http.cache.file_system_http_cache, envoy.extensions.http.cache.simple
envoy-1  | 2026-09-23T10:24:25.402750122Z [2026-09-23 10:24:25.402][1][info][main] [external/envoy/source/server/server.cc:471]   envoy.matching.network.input: envoy.matching.inputs.application_protocol, envoy.matching.inputs.destination_ip, envoy.matching.inputs.destination_port, envoy.matching.inputs.direct_source_ip, envoy.matching.inputs.dns_san, envoy.matching.inputs.filter_state, envoy.matching.inputs.network_namespace, envoy.matching.inputs.server_name, envoy.matching.inputs.source_ip, envoy.matching.inputs.source_port, envoy.matching.inputs.source_type, envoy.matching.inputs.subject, envoy.matching.inputs.transport_protocol, envoy.matching.inputs.uri_san
envoy-1  | 2026-09-23T10:24:25.402770751Z [2026-09-23 10:24:25.402][1][info][main] [external/envoy/source/server/server.cc:471]   envoy.upstream.local_address_selector: envoy.upstream.local_address_selector.default_local_address_selector
envoy-1  | 2026-09-23T10:24:25.402781426Z [2026-09-23 10:24:25.402][1][info][main] [external/envoy/source/server/server.cc:471]   envoy.path.rewrite: envoy.path.rewrite.uri_template.uri_template_rewriter
envoy-1  | 2026-09-23T10:24:25.402791151Z [2026-09-23 10:24:25.402][1][info][main] [external/envoy/source/server/server.cc:471]   quic.http_server_connection: quic.http_server_connection.default
envoy-1  | 2026-09-23T10:24:25.402800947Z [2026-09-23 10:24:25.402][1][info][main] [external/envoy/source/server/server.cc:471]   envoy.upstreams: envoy.filters.connection_pools.http.dubbo_tcp, envoy.filters.connection_pools.http.generic, envoy.filters.connection_pools.http.http, envoy.filters.connection_pools.http.tcp
envoy-1  | 2026-09-23T10:24:25.402811366Z [2026-09-23 10:24:25.402][1][info][main] [external/envoy/source/server/server.cc:471]   envoy.resource_monitors: envoy.resource_monitors.fixed_heap, envoy.resource_monitors.injected_resource
envoy-1  | 2026-09-23T10:24:25.402821623Z [2026-09-23 10:24:25.402][1][info][main] [external/envoy/source/server/server.cc:471]   envoy.retry_host_predicates: envoy.retry_host_predicates.omit_canary_hosts, envoy.retry_host_predicates.omit_host_metadata, envoy.retry_host_predicates.previous_hosts
envoy-1  | 2026-09-23T10:24:25.402831878Z [2026-09-23 10:24:25.402][1][info][main] [external/envoy/source/server/server.cc:471]   envoy.dubbo_proxy.serializers: dubbo.hessian2
envoy-1  | 2026-09-23T10:24:25.402841598Z [2026-09-23 10:24:25.402][1][info][main] [external/envoy/source/server/server.cc:471]   envoy.common.key_value: envoy.key_value.file_based
envoy-1  | 2026-09-23T10:24:25.402851322Z [2026-09-23 10:24:25.402][1][info][main] [external/envoy/source/server/server.cc:471]   envoy.tracers: envoy.tracers.datadog, envoy.tracers.opentelemetry, envoy.tracers.skywalking, envoy.tracers.xray, envoy.tracers.zipkin, envoy.zipkin
envoy-1  | 2026-09-23T10:24:25.402861711Z [2026-09-23 10:24:25.402][1][info][main] [external/envoy/source/server/server.cc:471]   envoy.matching.stat_matching_data.input: stat_full_name_match_input
envoy-1  | 2026-09-23T10:24:25.402871563Z [2026-09-23 10:24:25.402][1][info][main] [external/envoy/source/server/server.cc:471]   envoy.matching.input_matchers: envoy.matching.matchers.consistent_hashing, envoy.matching.matchers.ip
envoy-1  | 2026-09-23T10:24:25.402881567Z [2026-09-23 10:24:25.402][1][info][main] [external/envoy/source/server/server.cc:471]   envoy.access_loggers.extension_filters: envoy.access_loggers.extension_filters.cel
envoy-1  | 2026-09-23T10:24:25.402891995Z [2026-09-23 10:24:25.402][1][info][main] [external/envoy/source/server/server.cc:471]   envoy.dubbo_proxy.filters: envoy.filters.dubbo.router
envoy-1  | 2026-09-23T10:24:25.402901998Z [2026-09-23 10:24:25.402][1][info][main] [external/envoy/source/server/server.cc:471]   envoy.compression.compressor: envoy.compression.brotli.compressor, envoy.compression.gzip.compressor, envoy.compression.zstd.compressor
envoy-1  | 2026-09-23T10:24:25.402912150Z [2026-09-23 10:24:25.402][1][info][main] [external/envoy/source/server/server.cc:471]   envoy.http.custom_response: envoy.extensions.http.custom_response.local_response_policy, envoy.extensions.http.custom_response.redirect_policy
envoy-1  | 2026-09-23T10:24:25.402922366Z [2026-09-23 10:24:25.402][1][info][main] [external/envoy/source/server/server.cc:471]   envoy.rds_factory: envoy.rds_factory.default
envoy-1  | 2026-09-23T10:24:25.402939755Z [2026-09-23 10:24:25.402][1][info][main] [external/envoy/source/server/server.cc:471]   envoy.path.match: envoy.path.match.uri_template.uri_template_matcher
envoy-1  | 2026-09-23T10:24:25.402949683Z [2026-09-23 10:24:25.402][1][info][main] [external/envoy/source/server/server.cc:471]   envoy.http.header_validators: envoy.http.header_validators.envoy_default
envoy-1  | 2026-09-23T10:24:25.402959610Z [2026-09-23 10:24:25.402][1][info][main] [external/envoy/source/server/server.cc:471]   envoy.connection_handler: envoy.connection_handler.default
envoy-1  | 2026-09-23T10:24:25.402969475Z [2026-09-23 10:24:25.402][1][info][main] [external/envoy/source/server/server.cc:471]   envoy.http.stateful_header_formatters: envoy.http.stateful_header_formatters.preserve_case, preserve_case
envoy-1  | 2026-09-23T10:24:25.402979547Z [2026-09-23 10:24:25.402][1][info][main] [external/envoy/source/server/server.cc:471]   envoy.router.cluster_specifier_plugin: envoy.router.cluster_specifier_plugin.cluster_fallback, envoy.router.cluster_specifier_plugin.golang
envoy-1  | 2026-09-23T10:24:25.402990030Z [2026-09-23 10:24:25.402][1][info][main] [external/envoy/source/server/server.cc:471]   envoy.upstream_options: envoy.extensions.upstreams.http.v3.HttpProtocolOptions, envoy.extensions.upstreams.tcp.v3.TcpProtocolOptions, envoy.upstreams.http.http_protocol_options, envoy.upstreams.tcp.tcp_protocol_options
envoy-1  | 2026-09-23T10:24:25.403001691Z [2026-09-23 10:24:25.402][1][info][main] [external/envoy/source/server/server.cc:471]   envoy.filters.listener: envoy.filters.listener.http_inspector, envoy.filters.listener.original_dst, envoy.filters.listener.original_src, envoy.filters.listener.proxy_protocol, envoy.filters.listener.tls_inspector, envoy.listener.http_inspector, envoy.listener.original_dst, envoy.listener.original_src, envoy.listener.proxy_protocol, envoy.listener.tls_inspector, istio.set_internal_dst_address
envoy-1  | 2026-09-23T10:24:25.403013190Z [2026-09-23 10:24:25.402][1][info][main] [external/envoy/source/server/server.cc:471]   envoy.sip_proxy.filters: envoy.filters.sip.router
envoy-1  | 2026-09-23T10:24:25.403023019Z [2026-09-23 10:24:25.402][1][info][main] [external/envoy/source/server/server.cc:471]   envoy.access_loggers: envoy.access_loggers.file, envoy.access_loggers.http_grpc, envoy.access_loggers.open_telemetry, envoy.access_loggers.stderr, envoy.access_loggers.stdout, envoy.access_loggers.tcp_grpc, envoy.access_loggers.wasm, envoy.file_access_log, envoy.http_grpc_access_log, envoy.open_telemetry_access_log, envoy.stderr_access_log, envoy.stdout_access_log, envoy.tcp_grpc_access_log, envoy.wasm_access_log
envoy-1  | 2026-09-23T10:24:25.403034903Z [2026-09-23 10:24:25.402][1][info][main] [external/envoy/source/server/server.cc:471]   envoy.clusters: envoy.cluster.dns, envoy.cluster.eds, envoy.cluster.logical_dns, envoy.cluster.original_dst, envoy.cluster.static, envoy.cluster.strict_dns, envoy.clusters.aggregate, envoy.clusters.dynamic_forward_proxy, envoy.clusters.redis
envoy-1  | 2026-09-23T10:24:25.403046086Z [2026-09-23 10:24:25.402][1][info][main] [external/envoy/source/server/server.cc:471]   envoy.filters.http.upstream: envoy.buffer, envoy.ext_proc, envoy.filters.http.admission_control, envoy.filters.http.aws_lambda, envoy.filters.http.aws_request_signing, envoy.filters.http.buffer, envoy.filters.http.composite, envoy.filters.http.ext_proc, envoy.filters.http.header_mutation, envoy.filters.http.lua, envoy.filters.http.match_delegate, envoy.filters.http.upstream_codec, envoy.filters.http.wasm
envoy-1  | 2026-09-23T10:24:25.403057686Z [2026-09-23 10:24:25.402][1][info][main] [external/envoy/source/server/server.cc:471]   network.connection.client: default, envoy_internal
envoy-1  | 2026-09-23T10:24:25.403075479Z [2026-09-23 10:24:25.402][1][info][main] [external/envoy/source/server/server.cc:471]   envoy.udp_packet_writer: envoy.udp_packet_writer.default, envoy.udp_packet_writer.gso
envoy-1  | 2026-09-23T10:24:25.403086350Z [2026-09-23 10:24:25.402][1][info][main] [external/envoy/source/server/server.cc:471]   envoy.filters.network: envoy.echo, envoy.ext_authz, envoy.filters.network.connect_authority, envoy.filters.network.connection_limit, envoy.filters.network.direct_response, envoy.filters.network.dubbo_proxy, envoy.filters.network.echo, envoy.filters.network.ext_authz, envoy.filters.network.golang, envoy.filters.network.http_connection_manager, envoy.filters.network.istio_stats, envoy.filters.network.kafka_broker, envoy.filters.network.kafka_mesh, envoy.filters.network.local_ratelimit, envoy.filters.network.metadata_exchange, envoy.filters.network.mongo_proxy, envoy.filters.network.mysql_proxy, envoy.filters.network.postgres_proxy, envoy.filters.network.ratelimit, envoy.filters.network.rbac, envoy.filters.network.redis_proxy, envoy.filters.network.rocketmq_proxy, envoy.filters.network.sip_proxy, envoy.filters.network.sni_cluster, envoy.filters.network.sni_dynamic_forward_proxy, envoy.filters.network.tcp_cluster_rewrite, envoy.filters.network.tcp_proxy, envoy.filters.network.thrift_proxy, envoy.filters.network.wasm, envoy.filters.network.zookeeper_proxy, envoy.http_connection_manager, envoy.mongo_proxy, envoy.ratelimit, envoy.redis_proxy, envoy.tcp_proxy, forward_downstream_sni, io.istio.network.authn, sni_verifier
envoy-1  | 2026-09-23T10:24:25.403102246Z [2026-09-23 10:24:25.402][1][info][main] [external/envoy/source/server/server.cc:471]   envoy.bootstrap: envoy.bootstrap.internal_listener, envoy.bootstrap.wasm, envoy.bootstrap.workload_discovery, envoy.extensions.network.socket_interface.default_socket_interface
envoy-1  | 2026-09-23T10:24:25.403112747Z [2026-09-23 10:24:25.402][1][info][main] [external/envoy/source/server/server.cc:471]   envoy.transport_sockets.downstream: envoy.transport_sockets.alts, envoy.transport_sockets.quic, envoy.transport_sockets.raw_buffer, envoy.transport_sockets.starttls, envoy.transport_sockets.tap, envoy.transport_sockets.tls, raw_buffer, starttls, tls
envoy-1  | 2026-09-23T10:24:25.403123882Z [2026-09-23 10:24:25.402][1][info][main] [external/envoy/source/server/server.cc:471]   envoy.matching.common_inputs: envoy.matching.common_inputs.environment_variable
envoy-1  | 2026-09-23T10:24:25.403133850Z [2026-09-23 10:24:25.402][1][info][main] [external/envoy/source/server/server.cc:471]   envoy.load_balancing_policies: envoy.load_balancing_policies.least_request, envoy.load_balancing_policies.maglev, envoy.load_balancing_policies.override_host, envoy.load_balancing_policies.random, envoy.load_balancing_policies.ring_hash, envoy.load_balancing_policies.round_robin, envoy.load_balancing_policies.subset
envoy-1  | 2026-09-23T10:24:25.403145063Z [2026-09-23 10:24:25.402][1][info][main] [external/envoy/source/server/server.cc:471]   envoy.ssl.server_context_factory: envoy.ssl.server_context_factory.default
envoy-1  | 2026-09-23T10:24:25.403154770Z [2026-09-23 10:24:25.402][1][info][main] [external/envoy/source/server/server.cc:471]   envoy.http.original_ip_detection: envoy.http.original_ip_detection.custom_header, envoy.http.original_ip_detection.xff
envoy-1  | 2026-09-23T10:24:25.403164747Z [2026-09-23 10:24:25.402][1][info][main] [external/envoy/source/server/server.cc:471]   envoy.http.stateful_session: envoy.http.stateful_session.cookie, envoy.http.stateful_session.header
envoy-1  | 2026-09-23T10:24:25.403174903Z [2026-09-23 10:24:25.402][1][info][main] [external/envoy/source/server/server.cc:471]   envoy.http.mcp_sse_stateful_session: envoy.http.mcp_sse_stateful_session.envelope
envoy-1  | 2026-09-23T10:24:25.403192231Z [2026-09-23 10:24:25.402][1][info][main] [external/envoy/source/server/server.cc:471]   envoy.thrift_proxy.protocols: auto, binary, binary/non-strict, compact, twitter
envoy-1  | 2026-09-23T10:24:25.403202202Z [2026-09-23 10:24:25.402][1][info][main] [external/envoy/source/server/server.cc:471]   envoy.health_checkers: envoy.health_checkers.grpc, envoy.health_checkers.http, envoy.health_checkers.redis, envoy.health_checkers.tcp
envoy-1  | 2026-09-23T10:24:25.403212310Z [2026-09-23 10:24:25.402][1][info][main] [external/envoy/source/server/server.cc:471]   envoy.config_subscription: envoy.config_subscription.ads, envoy.config_subscription.ads_collection, envoy.config_subscription.aggregated_grpc_collection, envoy.config_subscription.delta_grpc, envoy.config_subscription.delta_grpc_collection, envoy.config_subscription.filesystem, envoy.config_subscription.filesystem_collection, envoy.config_subscription.grpc, envoy.config_subscription.rest
envoy-1  | 2026-09-23T10:24:25.403224471Z [2026-09-23 10:24:25.402][1][info][main] [external/envoy/source/server/server.cc:471]   envoy.request_id: envoy.request_id.uuid
envoy-1  | 2026-09-23T10:24:25.403234110Z [2026-09-23 10:24:25.402][1][info][main] [external/envoy/source/server/server.cc:471]   envoy.quic.proof_source: envoy.quic.proof_source.filter_chain
envoy-1  | 2026-09-23T10:24:25.403243794Z [2026-09-23 10:24:25.402][1][info][main] [external/envoy/source/server/server.cc:471]   envoy.grpc_credentials: envoy.grpc_credentials.default, envoy.grpc_credentials.file_based_metadata
envoy-1  | 2026-09-23T10:24:25.403253750Z [2026-09-23 10:24:25.402][1][info][main] [external/envoy/source/server/server.cc:471]   envoy.thrift_proxy.filters: envoy.filters.thrift.header_to_metadata, envoy.filters.thrift.rate_limit, envoy.filters.thrift.router
envoy-1  | 2026-09-23T10:24:25.403264066Z [2026-09-23 10:24:25.402][1][info][main] [external/envoy/source/server/server.cc:471]   envoy.formatter: envoy.formatter.metadata, envoy.formatter.req_without_query
envoy-1  | 2026-09-23T10:24:25.408391280Z [2026-09-23 10:24:25.408][1][info][main] [external/envoy/source/server/server.cc:531] HTTP header map info:
envoy-1  | 2026-09-23T10:24:25.408443150Z [2026-09-23 10:24:25.408][1][info][main] [external/envoy/source/server/server.cc:534]   request header map: 664 bytes: :authority,:method,:path,:protocol,:scheme,accept,accept-encoding,access-control-request-headers,access-control-request-method,access-control-request-private-network,authentication,authorization,cache-control,cdn-loop,connection,content-encoding,content-length,content-type,expect,grpc-accept-encoding,grpc-timeout,if-match,if-modified-since,if-none-match,if-range,if-unmodified-since,keep-alive,origin,pragma,proxy-connection,proxy-status,referer,te,transfer-encoding,upgrade,user-agent,via,x-client-trace-id,x-envoy-attempt-count,x-envoy-decorator-operation,x-envoy-downstream-service-cluster,x-envoy-downstream-service-node,x-envoy-expected-rq-timeout-ms,x-envoy-external-address,x-envoy-force-trace,x-envoy-hedge-on-per-try-timeout,x-envoy-internal,x-envoy-ip-tags,x-envoy-is-timeout-retry,x-envoy-max-retries,x-envoy-original-host,x-envoy-original-path,x-envoy-original-url,x-envoy-retriable-header-names,x-envoy-retriable-status-codes,x-envoy-retry-grpc-on,x-envoy-retry-on,x-envoy-upstream-alt-stat-name,x-envoy-upstream-rq-per-try-timeout-ms,x-envoy-upstream-rq-timeout-alt-response,x-envoy-upstream-rq-timeout-ms,x-envoy-upstream-stream-duration-ms,x-forwarded-client-cert,x-forwarded-for,x-forwarded-host,x-forwarded-port,x-forwarded-proto,x-request-id
envoy-1  | 2026-09-23T10:24:25.408454386Z [2026-09-23 10:24:25.408][1][info][main] [external/envoy/source/server/server.cc:534]   request trailer map: 120 bytes: 
envoy-1  | 2026-09-23T10:24:25.408471175Z [2026-09-23 10:24:25.408][1][info][main] [external/envoy/source/server/server.cc:534]   response header map: 432 bytes: :status,access-control-allow-credentials,access-control-allow-headers,access-control-allow-methods,access-control-allow-origin,access-control-allow-private-network,access-control-expose-headers,access-control-max-age,age,cache-control,connection,content-encoding,content-length,content-type,date,etag,expires,grpc-message,grpc-status,keep-alive,last-modified,location,proxy-connection,proxy-status,server,transfer-encoding,upgrade,vary,via,x-envoy-attempt-count,x-envoy-decorator-operation,x-envoy-degraded,x-envoy-immediate-health-check-fail,x-envoy-ratelimited,x-envoy-upstream-canary,x-envoy-upstream-healthchecked-cluster,x-envoy-upstream-service-time,x-request-id
envoy-1  | 2026-09-23T10:24:25.408478326Z [2026-09-23 10:24:25.408][1][info][main] [external/envoy/source/server/server.cc:534]   response trailer map: 144 bytes: grpc-message,grpc-status
envoy-1  | 2026-09-23T10:24:25.418112632Z [2026-09-23 10:24:25.417][1][info][main] [external/envoy/source/server/server.cc:942] runtime: {}
envoy-1  | 2026-09-23T10:24:25.418258496Z [2026-09-23 10:24:25.418][1][info][main] [external/envoy/source/server/server.cc:774] Starting admin HTTP server at 0.0.0.0:9901
envoy-1  | 2026-09-23T10:24:25.418360262Z [2026-09-23 10:24:25.418][1][info][admin] [external/envoy/source/server/admin/admin.cc:65] admin address: 0.0.0.0:9901
envoy-1  | 2026-09-23T10:24:25.418498556Z [2026-09-23 10:24:25.418][1][info][config] [external/envoy/source/server/configuration_impl.cc:181] loading tracing configuration
envoy-1  | 2026-09-23T10:24:25.418513508Z [2026-09-23 10:24:25.418][1][info][config] [external/envoy/source/server/configuration_impl.cc:132] loading 0 static secret(s)
envoy-1  | 2026-09-23T10:24:25.418523592Z [2026-09-23 10:24:25.418][1][info][config] [external/envoy/source/server/configuration_impl.cc:138] loading 2 cluster(s)
envoy-1  | 2026-09-23T10:24:25.420843729Z [2026-09-23 10:24:25.420][1][info][config] [external/envoy/source/server/configuration_impl.cc:148] loading 1 listener(s)
envoy-1  | 2026-09-23T10:24:25.479244350Z [2026-09-23 10:24:25.479][1][debug][wasm] [external/envoy/source/extensions/common/wasm/wasm.cc:326] Base Wasm created 1 now active
envoy-1  | 2026-09-23T10:24:46.482660296Z [2026-09-23 10:24:46.482][1][debug][wasm] [external/envoy/source/extensions/common/wasm/wasm.cc:364] Thread-Local Wasm created 2 now active
envoy-1  | 2026-09-23T10:24:46.490270443Z [2026-09-23 10:24:46.489][1][debug][wasm] [external/envoy/source/extensions/common/wasm/context.cc:1538] wasm log response-cache response-cache: [response-cache] [nil] [nil] cache provider is set to redis
envoy-1          | 2026-09-23T10:24:46.490309216Z [2026-09-23 10:24:46.490][1][warning][wasm] [external/envoy/source/extensions/common/wasm/context.cc:1544] wasm log response-cache response-cache: failed to init redis: error status returned by host: bad argument, will retry after
envoy-1          | 2026-09-23T10:24:46.490321384Z [2026-09-23 10:24:46.490][1][error][wasm] [external/envoy/source/extensions/common/wasm/context.cc:1547] wasm log response-cache response-cache: [response-cache] [nil] [nil] redis init failed, will try later
envoy-1          | 2026-09-23T10:24:46.490331940Z [2026-09-23 10:24:46.490][1][info][wasm] [external/envoy/source/extensions/common/wasm/context.cc:1541] wasm log response-cache response-cache: [response-cache] [nil] [nil] plugin start successfully
redis-fixture-1  | 2026-09-23T10:24:46.623003291Z {"seq": 0, "time_ns": 4181400553478, "event": "upstream_seen", "id": "warmup", "headers": {"host": "127.0.0.1:19468", "user-agent": "curl/7.81.0", "accept": "*/*", "x-higress-skip-response-cache": "on", "x-forwarded-proto": "http", "x-envoy-original-host": "127.0.0.1:19468", "x-request-id": "0873c976-2b69-4056-bca0-38a362f40e04", "x-envoy-expected-rq-timeout-ms": "15000", "req-start-time": "1790159086619"}}
redis-fixture-1  | 2026-09-23T10:24:46.632323926Z {"seq": 0, "time_ns": 4181409879134, "event": "prepared", "id": "timeout-r1-000", "mode": "timeout", "key": "higress-audit:timeout-r1-000", "value": "{\"source\":\"cache\",\"value\":\"fixture-only\"}"}
redis-fixture-1  | 2026-09-23T10:24:46.648568723Z {"seq": 1, "time_ns": 4181426206395, "event": "redis_command", "id": "timeout-r1-000", "command": "GET", "args": ["higress-audit:timeout-r1-000"]}
envoy-1          | 2026-09-23T10:24:46.490342320Z [2026-09-23 10:24:46.490][1][debug][wasm] [external/envoy/source/extensions/common/wasm/wasm.cc:417] ~Wasm 1 remaining active
envoy-1          | 2026-09-23T10:24:46.497682999Z [2026-09-23 10:24:46.497][1][debug][wasm] [external/envoy/source/extensions/common/wasm/wasm.cc:364] Thread-Local Wasm created 2 now active
envoy-1          | 2026-09-23T10:24:46.505025398Z [2026-09-23 10:24:46.504][1][debug][wasm] [external/envoy/source/extensions/common/wasm/context.cc:1538] wasm log response-cache response-cache: [response-cache] [nil] [nil] cache provider is set to redis
envoy-1          | 2026-09-23T10:24:46.505059246Z [2026-09-23 10:24:46.504][1][warning][wasm] [external/envoy/source/extensions/common/wasm/context.cc:1544] wasm log response-cache response-cache: failed to init redis: error status returned by host: bad argument, will retry after
envoy-1          | 2026-09-23T10:24:46.505071134Z [2026-09-23 10:24:46.504][1][error][wasm] [external/envoy/source/extensions/common/wasm/context.cc:1547] wasm log response-cache response-cache: [response-cache] [nil] [nil] redis init failed, will try later
envoy-1          | 2026-09-23T10:24:46.505081422Z [2026-09-23 10:24:46.504][1][info][wasm] [external/envoy/source/extensions/common/wasm/context.cc:1541] wasm log response-cache response-cache: [response-cache] [nil] [nil] plugin start successfully
redis-fixture-1  | 2026-09-23T10:24:46.648588643Z {"seq": 2, "time_ns": 4181426252239, "event": "redis_get_seen", "id": "timeout-r1-000"}
redis-fixture-1  | 2026-09-23T10:24:46.746296588Z {"seq": 3, "time_ns": 4181523866870, "event": "upstream_seen", "id": "timeout-r1-000", "headers": {"host": "127.0.0.1:19468", "user-agent": "curl/7.81.0", "accept": "*/*", "x-http-cache-key": "timeout-r1-000", "x-verification-id": "timeout-r1-000", "x-forwarded-proto": "http", "x-envoy-original-host": "127.0.0.1:19468", "x-request-id": "ab74f170-3013-4969-b4f4-e5554ffaaebe", "x-envoy-expected-rq-timeout-ms": "15000", "req-start-time": "1790159086643"}}
redis-fixture-1  | 2026-09-23T10:24:46.751357062Z {"seq": 4, "time_ns": 4181529051731, "event": "client_complete", "id": "timeout-r1-000", "status": "200", "curl_exit": 0, "body_sha256": "405de3e3016afb9b6f10e3c4327b8843f4379292888d2513ac167d9fe7d9a2be"}
redis-fixture-1  | 2026-09-23T10:24:46.751636631Z {"seq": 5, "time_ns": 4181529350693, "event": "redis_command", "id": "timeout-r1-000", "command": "SET", "args": ["higress-audit:timeout-r1-000", "{\"source\":\"upstream\",\"value\":\"fixture-only\"}"]}
redis-fixture-1  | 2026-09-23T10:24:46.754696859Z {"seq": 6, "time_ns": 4181532430125, "event": "redis_release_requested", "id": "timeout-r1-000"}
redis-fixture-1  | 2026-09-23T10:24:46.755030598Z {"seq": 7, "time_ns": 4181532573691, "event": "redis_reply_released", "id": "timeout-r1-000", "mode": "timeout"}
redis-fixture-1  | 2026-09-23T10:24:46.861441501Z {"seq": 8, "time_ns": 4181639045909, "event": "redis_release_requested", "id": "timeout-r1-000"}
envoy-1          | 2026-09-23T10:24:46.505905030Z [2026-09-23 10:24:46.505][1][info][config] [external/envoy/source/server/configuration_impl.cc:164] loading stats configuration
envoy-1          | 2026-09-23T10:24:46.506388761Z [2026-09-23 10:24:46.506][1][warning][main] [external/envoy/source/server/server.cc:1012] There is no configured limit to the number of allowed active downstream connections. Configure a limit in `envoy.resource_monitors.global_downstream_max_connections` resource monitor.
envoy-1          | 2026-09-23T10:24:46.506406074Z [2026-09-23 10:24:46.506][1][info][main] [external/envoy/source/server/server.cc:1051] starting main dispatch loop
envoy-1          | 2026-09-23T10:24:46.506684358Z [2026-09-23 10:24:46.506][1][info][runtime] [external/envoy/source/common/runtime/runtime_impl.cc:551] RTDS has finished initialization
envoy-1          | 2026-09-23T10:24:46.506702609Z [2026-09-23 10:24:46.506][1][info][upstream] [external/envoy/source/common/upstream/cluster_manager_impl.cc:252] cm init: all clusters initialized
envoy-1          | 2026-09-23T10:24:46.506715533Z [2026-09-23 10:24:46.506][1][info][main] [external/envoy/source/server/server.cc:1031] all clusters initialized. initializing init manager
envoy-1          | 2026-09-23T10:24:46.506732990Z [2026-09-23 10:24:46.506][1][info][config] [external/envoy/source/common/listener_manager/listener_manager_impl.cc:1012] all dependencies initialized. starting workers
envoy-1          | 2026-09-23T10:24:46.515015745Z [2026-09-23 10:24:46.514][29][debug][wasm] [external/envoy/source/extensions/common/wasm/wasm.cc:364] Thread-Local Wasm created 3 now active
envoy-1          | 2026-09-23T10:24:46.524048491Z [2026-09-23 10:24:46.523][29][debug][wasm] [external/envoy/source/extensions/common/wasm/context.cc:1538] wasm log response-cache response-cache: [response-cache] [nil] [nil] cache provider is set to redis
envoy-1          | 2026-09-23T10:24:46.524082008Z [2026-09-23 10:24:46.523][29][warning][wasm] [external/envoy/source/extensions/common/wasm/context.cc:1544] wasm log response-cache response-cache: failed to init redis: error status returned by host: bad argument, will retry after
envoy-1          | 2026-09-23T10:24:46.524093368Z [2026-09-23 10:24:46.523][29][error][wasm] [external/envoy/source/extensions/common/wasm/context.cc:1547] wasm log response-cache response-cache: [response-cache] [nil] [nil] redis init failed, will try later
envoy-1          | 2026-09-23T10:24:46.524121048Z [2026-09-23 10:24:46.524][29][info][wasm] [external/envoy/source/extensions/common/wasm/context.cc:1541] wasm log response-cache response-cache: [response-cache] [nil] [nil] plugin start successfully
envoy-1          | 2026-09-23T10:24:46.624104903Z RID=- CODE=200 DETAIL=via_upstream FLAGS=- UPSTREAM=172.30.0.2:8080
envoy-1          | 2026-09-23T10:24:46.644353396Z [2026-09-23 10:24:46.644][29][debug][wasm] [external/envoy/source/extensions/common/wasm/context.cc:1538] wasm log response-cache response-cache response-cache: [response-cache] [nil] [ab74f170-3013-4969-b4f4-e5554ffaaebe] [onHttpRequestHeaders] cache key from request header: x-http-cache-key, key: timeout-r1-000
envoy-1          | 2026-09-23T10:24:46.644392121Z [2026-09-23 10:24:46.644][29][debug][wasm] [external/envoy/source/extensions/common/wasm/context.cc:1538] wasm log response-cache response-cache response-cache: [response-cache] [nil] [ab74f170-3013-4969-b4f4-e5554ffaaebe] [response-cache] [CheckCacheForKey] querying cache with key: higress-audit:timeout-r1-000
envoy-1          | 2026-09-23T10:24:46.645104712Z [2026-09-23 10:24:46.644][29][debug][wasm] [external/envoy/source/extensions/common/wasm/context.cc:1538] wasm log response-cache response-cache response-cache: redis call start, request-id: 0c8c2b0f-cb62-4d65-8763-f02bedb509de, respQuery: KjINCiQzDQpnZXQNCiQyOA0KaGlncmVzcy1hdWRpdDp0aW1lb3V0LXIxLTAwMA0K
envoy-1          | 2026-09-23T10:24:46.745351284Z [2026-09-23 10:24:46.745][29][critical][wasm] [external/envoy/source/extensions/common/wasm/context.cc:1550] wasm log response-cache response-cache response-cache: Error occurred while calling redis, it seems cannot connect to the redis cluster. request-id: 0c8c2b0f-cb62-4d65-8763-f02bedb509de
envoy-1          | 2026-09-23T10:24:46.745393543Z [2026-09-23 10:24:46.745][29][info][wasm] [external/envoy/source/extensions/common/wasm/context.cc:1541] wasm log response-cache response-cache response-cache: [response-cache] [nil] [ab74f170-3013-4969-b4f4-e5554ffaaebe] [response-cache] [handleCacheResponse] cache miss for key: timeout-r1-000
envoy-1          | 2026-09-23T10:24:46.745407168Z [2026-09-23 10:24:46.745][29][error][wasm] [external/envoy/source/extensions/common/wasm/context.cc:1547] wasm log response-cache response-cache response-cache: [response-cache] [nil] [ab74f170-3013-4969-b4f4-e5554ffaaebe] [response-cache] [handleCacheResponse] error retrieving key: timeout-r1-000 from cache, error: cannot connect to redis cluster
envoy-1          | 2026-09-23T10:24:46.746718704Z [2026-09-23 10:24:46.746][29][debug][wasm] [external/envoy/source/extensions/common/wasm/context.cc:1538] wasm log response-cache response-cache response-cache: [response-cache] [nil] [ab74f170-3013-4969-b4f4-e5554ffaaebe] SetResponseBodyBufferLimit: 10485760
envoy-1          | 2026-09-23T10:24:46.747293036Z [2026-09-23 10:24:46.747][29][debug][wasm] [external/envoy/source/extensions/common/wasm/context.cc:1538] wasm log response-cache response-cache response-cache: redis call start, request-id: 478696da-2ac2-4763-8264-bf7d26f96b71, respQuery: KjMNCiQzDQpzZXQNCiQyOA0KaGlncmVzcy1hdWRpdDp0aW1lb3V0LXIxLTAwMA0KJDQ0DQp7InNvdXJjZSI6InVwc3RyZWFtIiwidmFsdWUiOiJmaXh0dXJlLW9ubHkifQ0K
envoy-1          | 2026-09-23T10:24:46.747364888Z [2026-09-23 10:24:46.747][29][debug][wasm] [external/envoy/source/extensions/common/wasm/context.cc:1538] wasm log response-cache response-cache response-cache: [response-cache] [nil] [ab74f170-3013-4969-b4f4-e5554ffaaebe] [response-cache] [cacheResponse] cache set success, key: higress-audit:timeout-r1-000, length of value: 44
envoy-1          | 2026-09-23T10:24:47.039267734Z [2026-09-23 10:24:47.039][1][warning][main] [external/envoy/source/server/server.cc:981] caught ENVOY_SIGTERM
envoy-1          | 2026-09-23T10:24:47.039305495Z [2026-09-23 10:24:47.039][1][info][main] [external/envoy/source/server/server.cc:1122] shutting down server instance
envoy-1          | 2026-09-23T10:24:47.039334195Z [2026-09-23 10:24:47.039][1][info][main] [external/envoy/source/server/server.cc:1062] main dispatch loop exited
envoy-1          | 2026-09-23T10:24:47.039519679Z [2026-09-23 10:24:47.039][29][debug][wasm] [external/envoy/source/extensions/common/wasm/wasm.cc:417] ~Wasm 2 remaining active
envoy-1          | 2026-09-23T10:24:47.047158670Z [2026-09-23 10:24:47.046][1][debug][wasm] [external/envoy/source/extensions/common/wasm/wasm.cc:417] ~Wasm 1 remaining active
envoy-1          | 2026-09-23T10:24:47.049599926Z [2026-09-23 10:24:47.049][1][info][main] [external/envoy/source/server/server.cc:1114] exiting
envoy-1          | 2026-09-23T10:24:47.050545467Z [2026-09-23 10:24:47.050][1][debug][wasm] [external/envoy/source/extensions/common/wasm/wasm.cc:417] ~Wasm 0 remaining active
envoy-1          | 2026-09-23T10:24:47.069452192Z RID=timeout-r1-000 CODE=200 DETAIL=via_upstream FLAGS=- UPSTREAM=172.30.0.2:8080
