redis-fixture-1  | 2026-09-23T10:10:57.308897018Z {"seq": 0, "time_ns": 3352086367626, "event": "upstream_seen", "id": "warmup", "headers": {"host": "127.0.0.1:19468", "user-agent": "curl/7.81.0", "accept": "*/*", "x-higress-skip-response-cache": "on", "x-forwarded-proto": "http", "x-envoy-original-host": "127.0.0.1:19468", "x-request-id": "17564a6c-f2b8-4d9a-8546-c9e8e51c286a", "x-envoy-expected-rq-timeout-ms": "15000", "req-start-time": "1790158257306"}}
redis-fixture-1  | 2026-09-23T10:10:57.316467642Z {"seq": 0, "time_ns": 3352094109976, "event": "prepared", "id": "hit-r1-000", "mode": "hit", "key": "higress-audit:hit-r1-000", "value": "{\"source\":\"cache\",\"value\":\"fixture-only\"}"}
redis-fixture-1  | 2026-09-23T10:10:57.330939716Z {"seq": 1, "time_ns": 3352108654755, "event": "redis_command", "id": "hit-r1-000", "command": "GET", "args": ["higress-audit:hit-r1-000"]}
redis-fixture-1  | 2026-09-23T10:10:57.330982067Z {"seq": 2, "time_ns": 3352108759559, "event": "redis_get_seen", "id": "hit-r1-000"}
redis-fixture-1  | 2026-09-23T10:10:58.355137219Z {"seq": 3, "time_ns": 3353132775244, "event": "redis_release_requested", "id": "hit-r1-000"}
redis-fixture-1  | 2026-09-23T10:10:58.355235375Z {"seq": 4, "time_ns": 3353132948980, "event": "redis_reply_released", "id": "hit-r1-000", "mode": "hit"}
redis-fixture-1  | 2026-09-23T10:10:58.359714036Z {"seq": 5, "time_ns": 3353137423442, "event": "client_complete", "id": "hit-r1-000", "status": "200", "curl_exit": 0, "body_sha256": "da87d065c0f96d585f02840dc10c88f7e8edac17ae77dbdae4b9e051a619338f"}
redis-fixture-1  | 2026-09-23T10:10:58.466022323Z {"seq": 6, "time_ns": 3353243614160, "event": "redis_release_requested", "id": "hit-r1-000"}
redis-fixture-1  | 2026-09-23T10:10:58.475201670Z {"seq": 0, "time_ns": 3353252935082, "event": "prepared", "id": "miss-r1-000", "mode": "miss", "key": "higress-audit:miss-r1-000", "value": "{\"source\":\"cache\",\"value\":\"fixture-only\"}"}
redis-fixture-1  | 2026-09-23T10:10:58.490919819Z {"seq": 1, "time_ns": 3353268624014, "event": "redis_command", "id": "miss-r1-000", "command": "GET", "args": ["higress-audit:miss-r1-000"]}
redis-fixture-1  | 2026-09-23T10:10:58.490953303Z {"seq": 2, "time_ns": 3353268669444, "event": "redis_get_seen", "id": "miss-r1-000"}
redis-fixture-1  | 2026-09-23T10:10:58.557014850Z {"seq": 3, "time_ns": 3353334581269, "event": "redis_release_requested", "id": "miss-r1-000"}
redis-fixture-1  | 2026-09-23T10:10:58.557067138Z {"seq": 4, "time_ns": 3353334793215, "event": "redis_reply_released", "id": "miss-r1-000", "mode": "miss"}
redis-fixture-1  | 2026-09-23T10:10:58.558262003Z {"seq": 5, "time_ns": 3353335820565, "event": "upstream_seen", "id": "miss-r1-000", "headers": {"host": "127.0.0.1:19468", "user-agent": "curl/7.81.0", "accept": "*/*", "x-http-cache-key": "miss-r1-000", "x-verification-id": "miss-r1-000", "x-forwarded-proto": "http", "x-envoy-original-host": "127.0.0.1:19468", "x-request-id": "222a6bf4-8e4e-420d-93a7-279e0af2504c", "x-envoy-expected-rq-timeout-ms": "15000", "req-start-time": "1790158258486"}}
redis-fixture-1  | 2026-09-23T10:10:58.559347443Z {"seq": 6, "time_ns": 3353336938635, "event": "redis_command", "id": "miss-r1-000", "command": "SET", "args": ["higress-audit:miss-r1-000", "{\"source\":\"upstream\",\"value\":\"fixture-only\"}"]}
redis-fixture-1  | 2026-09-23T10:10:58.563296620Z {"seq": 7, "time_ns": 3353340811836, "event": "client_complete", "id": "miss-r1-000", "status": "200", "curl_exit": 0, "body_sha256": "405de3e3016afb9b6f10e3c4327b8843f4379292888d2513ac167d9fe7d9a2be"}
redis-fixture-1  | 2026-09-23T10:10:58.671591009Z {"seq": 8, "time_ns": 3353449155734, "event": "redis_release_requested", "id": "miss-r1-000"}
redis-fixture-1  | 2026-09-23T10:10:58.682868199Z {"seq": 0, "time_ns": 3353460433707, "event": "prepared", "id": "error-r1-000", "mode": "error", "key": "higress-audit:error-r1-000", "value": "{\"source\":\"cache\",\"value\":\"fixture-only\"}"}
redis-fixture-1  | 2026-09-23T10:10:58.699670283Z {"seq": 1, "time_ns": 3353477250659, "event": "redis_command", "id": "error-r1-000", "command": "GET", "args": ["higress-audit:error-r1-000"]}
redis-fixture-1  | 2026-09-23T10:10:58.699703872Z {"seq": 2, "time_ns": 3353477360632, "event": "redis_get_seen", "id": "error-r1-000"}
redis-fixture-1  | 2026-09-23T10:10:58.765703403Z {"seq": 3, "time_ns": 3353543273898, "event": "redis_release_requested", "id": "error-r1-000"}
redis-fixture-1  | 2026-09-23T10:10:58.765806843Z {"seq": 4, "time_ns": 3353543494483, "event": "redis_reply_released", "id": "error-r1-000", "mode": "error"}
redis-fixture-1  | 2026-09-23T10:10:58.767132978Z {"seq": 5, "time_ns": 3353544710579, "event": "upstream_seen", "id": "error-r1-000", "headers": {"host": "127.0.0.1:19468", "user-agent": "curl/7.81.0", "accept": "*/*", "x-http-cache-key": "error-r1-000", "x-verification-id": "error-r1-000", "x-forwarded-proto": "http", "x-envoy-original-host": "127.0.0.1:19468", "x-request-id": "31dd3608-b112-4141-af16-271f2081224e", "x-envoy-expected-rq-timeout-ms": "15000", "req-start-time": "1790158258694"}}
redis-fixture-1  | 2026-09-23T10:10:58.771468545Z {"seq": 6, "time_ns": 3353549067524, "event": "client_complete", "id": "error-r1-000", "status": "200", "curl_exit": 0, "body_sha256": "405de3e3016afb9b6f10e3c4327b8843f4379292888d2513ac167d9fe7d9a2be"}
redis-fixture-1  | 2026-09-23T10:10:58.771832447Z {"seq": 7, "time_ns": 3353549586650, "event": "redis_command", "id": "error-r1-000", "command": "SET", "args": ["higress-audit:error-r1-000", "{\"source\":\"upstream\",\"value\":\"fixture-only\"}"]}
redis-fixture-1  | 2026-09-23T10:10:58.879559816Z {"seq": 8, "time_ns": 3353657112338, "event": "redis_release_requested", "id": "error-r1-000"}
redis-fixture-1  | 2026-09-23T10:10:58.891030817Z {"seq": 0, "time_ns": 3353668602412, "event": "prepared", "id": "empty-r1-000", "mode": "empty", "key": "higress-audit:empty-r1-000", "value": "{\"source\":\"cache\",\"value\":\"fixture-only\"}"}
redis-fixture-1  | 2026-09-23T10:10:58.906847602Z {"seq": 1, "time_ns": 3353684545488, "event": "redis_command", "id": "empty-r1-000", "command": "GET", "args": ["higress-audit:empty-r1-000"]}
redis-fixture-1  | 2026-09-23T10:10:58.906880418Z {"seq": 2, "time_ns": 3353684592694, "event": "redis_get_seen", "id": "empty-r1-000"}
redis-fixture-1  | 2026-09-23T10:10:58.974295099Z {"seq": 3, "time_ns": 3353751847795, "event": "redis_release_requested", "id": "empty-r1-000"}
redis-fixture-1  | 2026-09-23T10:10:58.974346163Z {"seq": 4, "time_ns": 3353751993183, "event": "redis_reply_released", "id": "empty-r1-000", "mode": "empty"}
redis-fixture-1  | 2026-09-23T10:10:58.975731681Z {"seq": 5, "time_ns": 3353753287984, "event": "upstream_seen", "id": "empty-r1-000", "headers": {"host": "127.0.0.1:19468", "user-agent": "curl/7.81.0", "accept": "*/*", "x-http-cache-key": "empty-r1-000", "x-verification-id": "empty-r1-000", "x-forwarded-proto": "http", "x-envoy-original-host": "127.0.0.1:19468", "x-request-id": "d72899de-fd04-4f5b-a14a-0f22e664481f", "x-envoy-expected-rq-timeout-ms": "15000", "req-start-time": "1790158258902"}}
redis-fixture-1  | 2026-09-23T10:10:58.979696201Z {"seq": 6, "time_ns": 3353757274499, "event": "client_complete", "id": "empty-r1-000", "status": "200", "curl_exit": 0, "body_sha256": "405de3e3016afb9b6f10e3c4327b8843f4379292888d2513ac167d9fe7d9a2be"}
redis-fixture-1  | 2026-09-23T10:10:58.980538112Z {"seq": 7, "time_ns": 3353758158315, "event": "redis_command", "id": "empty-r1-000", "command": "SET", "args": ["higress-audit:empty-r1-000", "{\"source\":\"upstream\",\"value\":\"fixture-only\"}"]}
redis-fixture-1  | 2026-09-23T10:10:59.088244757Z {"seq": 8, "time_ns": 3353865817709, "event": "redis_release_requested", "id": "empty-r1-000"}
envoy-1          | 2026-09-23T10:10:39.226322523Z [2026-09-23 10:10:39.225][1][info][main] [external/envoy/source/server/server.cc:467] initializing epoch 0 (base id=0, hot restart version=11.104)
envoy-1          | 2026-09-23T10:10:39.226374962Z [2026-09-23 10:10:39.225][1][info][main] [external/envoy/source/server/server.cc:469] statically linked extensions:
envoy-1          | 2026-09-23T10:10:39.226381603Z [2026-09-23 10:10:39.225][1][info][main] [external/envoy/source/server/server.cc:471]   envoy.quic.proof_source: envoy.quic.proof_source.filter_chain
envoy-1          | 2026-09-23T10:10:39.226386975Z [2026-09-23 10:10:39.225][1][info][main] [external/envoy/source/server/server.cc:471]   envoy.config_subscription: envoy.config_subscription.ads, envoy.config_subscription.ads_collection, envoy.config_subscription.aggregated_grpc_collection, envoy.config_subscription.delta_grpc, envoy.config_subscription.delta_grpc_collection, envoy.config_subscription.filesystem, envoy.config_subscription.filesystem_collection, envoy.config_subscription.grpc, envoy.config_subscription.rest
envoy-1          | 2026-09-23T10:10:39.226393350Z [2026-09-23 10:10:39.225][1][info][main] [external/envoy/source/server/server.cc:471]   envoy.rds_factory: envoy.rds_factory.default
envoy-1          | 2026-09-23T10:10:39.226398973Z [2026-09-23 10:10:39.225][1][info][main] [external/envoy/source/server/server.cc:471]   envoy.rbac.matchers: envoy.rbac.matchers.upstream_ip_port
envoy-1          | 2026-09-23T10:10:39.226405079Z [2026-09-23 10:10:39.225][1][info][main] [external/envoy/source/server/server.cc:471]   envoy.matching.network.input: envoy.matching.inputs.application_protocol, envoy.matching.inputs.destination_ip, envoy.matching.inputs.destination_port, envoy.matching.inputs.direct_source_ip, envoy.matching.inputs.dns_san, envoy.matching.inputs.filter_state, envoy.matching.inputs.network_namespace, envoy.matching.inputs.server_name, envoy.matching.inputs.source_ip, envoy.matching.inputs.source_port, envoy.matching.inputs.source_type, envoy.matching.inputs.subject, envoy.matching.inputs.transport_protocol, envoy.matching.inputs.uri_san
envoy-1          | 2026-09-23T10:10:39.226411996Z [2026-09-23 10:10:39.225][1][info][main] [external/envoy/source/server/server.cc:471]   envoy.http.stateful_header_formatters: envoy.http.stateful_header_formatters.preserve_case, preserve_case
envoy-1          | 2026-09-23T10:10:39.226418971Z [2026-09-23 10:10:39.225][1][info][main] [external/envoy/source/server/server.cc:471]   envoy.filters.upstream_network: envoy.filters.network.upstream.metadata_exchange
envoy-1          | 2026-09-23T10:10:39.226424485Z [2026-09-23 10:10:39.225][1][info][main] [external/envoy/source/server/server.cc:471]   envoy.stats_sinks: envoy.dog_statsd, envoy.graphite_statsd, envoy.metrics_service, envoy.open_telemetry_stat_sink, envoy.stat_sinks.dog_statsd, envoy.stat_sinks.graphite_statsd, envoy.stat_sinks.hystrix, envoy.stat_sinks.metrics_service, envoy.stat_sinks.open_telemetry, envoy.stat_sinks.statsd, envoy.stat_sinks.wasm, envoy.statsd
envoy-1          | 2026-09-23T10:10:39.226430851Z [2026-09-23 10:10:39.225][1][info][main] [external/envoy/source/server/server.cc:471]   envoy.compression.compressor: envoy.compression.brotli.compressor, envoy.compression.gzip.compressor, envoy.compression.zstd.compressor
envoy-1          | 2026-09-23T10:10:39.226436086Z [2026-09-23 10:10:39.225][1][info][main] [external/envoy/source/server/server.cc:471]   envoy.network.connection_balance: envoy.network.connection_balance.dlb
envoy-1          | 2026-09-23T10:10:39.226441236Z [2026-09-23 10:10:39.225][1][info][main] [external/envoy/source/server/server.cc:471]   envoy.built_in_formatters: envoy.built_in_formatters.http.default, envoy.built_in_formatters.metadata, envoy.built_in_formatters.stream_info.default
envoy-1          | 2026-09-23T10:10:39.226453312Z [2026-09-23 10:10:39.226][1][info][main] [external/envoy/source/server/server.cc:471]   envoy.http.cache: envoy.extensions.http.cache.file_system_http_cache, envoy.extensions.http.cache.simple
envoy-1          | 2026-09-23T10:10:39.226458814Z [2026-09-23 10:10:39.226][1][info][main] [external/envoy/source/server/server.cc:471]   envoy.upstream.local_address_selector: envoy.upstream.local_address_selector.default_local_address_selector
envoy-1          | 2026-09-23T10:10:39.226464042Z [2026-09-23 10:10:39.226][1][info][main] [external/envoy/source/server/server.cc:471]   envoy.common.key_value: envoy.key_value.file_based
envoy-1          | 2026-09-23T10:10:39.226469047Z [2026-09-23 10:10:39.226][1][info][main] [external/envoy/source/server/server.cc:471]   envoy.thrift_proxy.filters: envoy.filters.thrift.header_to_metadata, envoy.filters.thrift.rate_limit, envoy.filters.thrift.router
envoy-1          | 2026-09-23T10:10:39.226474574Z [2026-09-23 10:10:39.226][1][info][main] [external/envoy/source/server/server.cc:471]   envoy.access_loggers.extension_filters: envoy.access_loggers.extension_filters.cel
envoy-1          | 2026-09-23T10:10:39.226479796Z [2026-09-23 10:10:39.226][1][info][main] [external/envoy/source/server/server.cc:471]   envoy.route.early_data_policy: envoy.route.early_data_policy.default
envoy-1          | 2026-09-23T10:10:39.226484888Z [2026-09-23 10:10:39.226][1][info][main] [external/envoy/source/server/server.cc:471]   envoy.tracers: envoy.tracers.datadog, envoy.tracers.opentelemetry, envoy.tracers.skywalking, envoy.tracers.xray, envoy.tracers.zipkin, envoy.zipkin
envoy-1          | 2026-09-23T10:10:39.226490817Z [2026-09-23 10:10:39.226][1][info][main] [external/envoy/source/server/server.cc:471]   envoy.filters.http.upstream: envoy.buffer, envoy.ext_proc, envoy.filters.http.admission_control, envoy.filters.http.aws_lambda, envoy.filters.http.aws_request_signing, envoy.filters.http.buffer, envoy.filters.http.composite, envoy.filters.http.ext_proc, envoy.filters.http.header_mutation, envoy.filters.http.lua, envoy.filters.http.match_delegate, envoy.filters.http.upstream_codec, envoy.filters.http.wasm
envoy-1          | 2026-09-23T10:10:39.226497134Z [2026-09-23 10:10:39.226][1][info][main] [external/envoy/source/server/server.cc:471]   envoy.resolvers: envoy.ip
envoy-1          | 2026-09-23T10:10:39.226502100Z [2026-09-23 10:10:39.226][1][info][main] [external/envoy/source/server/server.cc:471]   envoy.route_config_update_requester: envoy.route_config_update_requester.default
envoy-1          | 2026-09-23T10:10:39.226507245Z [2026-09-23 10:10:39.226][1][info][main] [external/envoy/source/server/server.cc:471]   envoy.matching.input_matchers: envoy.matching.matchers.consistent_hashing, envoy.matching.matchers.ip
envoy-1          | 2026-09-23T10:10:39.226512464Z [2026-09-23 10:10:39.226][1][info][main] [external/envoy/source/server/server.cc:471]   envoy.thrift_proxy.transports: auto, framed, header, unframed
envoy-1          | 2026-09-23T10:10:39.226517522Z [2026-09-23 10:10:39.226][1][info][main] [external/envoy/source/server/server.cc:471]   envoy.http.mcp_sse_stateful_session: envoy.http.mcp_sse_stateful_session.envelope
envoy-1          | 2026-09-23T10:10:39.226522649Z [2026-09-23 10:10:39.226][1][info][main] [external/envoy/source/server/server.cc:471]   envoy.http.stateful_session: envoy.http.stateful_session.cookie, envoy.http.stateful_session.header
envoy-1          | 2026-09-23T10:10:39.226528581Z [2026-09-23 10:10:39.226][1][info][main] [external/envoy/source/server/server.cc:471]   envoy.grpc_credentials: envoy.grpc_credentials.default, envoy.grpc_credentials.file_based_metadata
envoy-1          | 2026-09-23T10:10:39.226536731Z [2026-09-23 10:10:39.226][1][info][main] [external/envoy/source/server/server.cc:471]   envoy.http.original_ip_detection: envoy.http.original_ip_detection.custom_header, envoy.http.original_ip_detection.xff
envoy-1          | 2026-09-23T10:10:39.226546874Z [2026-09-23 10:10:39.226][1][info][main] [external/envoy/source/server/server.cc:471]   envoy.matching.http.input: envoy.matching.inputs.destination_ip, envoy.matching.inputs.destination_port, envoy.matching.inputs.direct_source_ip, envoy.matching.inputs.dns_san, envoy.matching.inputs.filter_state, envoy.matching.inputs.network_namespace, envoy.matching.inputs.request_headers, envoy.matching.inputs.request_trailers, envoy.matching.inputs.response_headers, envoy.matching.inputs.response_trailers, envoy.matching.inputs.server_name, envoy.matching.inputs.source_ip, envoy.matching.inputs.source_port, envoy.matching.inputs.source_type, envoy.matching.inputs.status_code_class_input, envoy.matching.inputs.status_code_input, envoy.matching.inputs.subject, envoy.matching.inputs.uri_san, query_params
envoy-1          | 2026-09-23T10:10:39.226553809Z [2026-09-23 10:10:39.226][1][info][main] [external/envoy/source/server/server.cc:471]   envoy.tls.key_providers: cryptomb, qat
envoy-1          | 2026-09-23T10:10:39.226558866Z [2026-09-23 10:10:39.226][1][info][main] [external/envoy/source/server/server.cc:471]   quic.http_server_connection: quic.http_server_connection.default
envoy-1          | 2026-09-23T10:10:39.226563952Z [2026-09-23 10:10:39.226][1][info][main] [external/envoy/source/server/server.cc:471]   envoy.upstream_options: envoy.extensions.upstreams.http.v3.HttpProtocolOptions, envoy.extensions.upstreams.tcp.v3.TcpProtocolOptions, envoy.upstreams.http.http_protocol_options, envoy.upstreams.tcp.tcp_protocol_options
envoy-1          | 2026-09-23T10:10:39.226570071Z [2026-09-23 10:10:39.226][1][info][main] [external/envoy/source/server/server.cc:471]   envoy.connection_handler: envoy.connection_handler.default
envoy-1          | 2026-09-23T10:10:39.226575501Z [2026-09-23 10:10:39.226][1][info][main] [external/envoy/source/server/server.cc:471]   envoy.load_balancing_policies: envoy.load_balancing_policies.least_request, envoy.load_balancing_policies.maglev, envoy.load_balancing_policies.override_host, envoy.load_balancing_policies.random, envoy.load_balancing_policies.ring_hash, envoy.load_balancing_policies.round_robin, envoy.load_balancing_policies.subset
envoy-1          | 2026-09-23T10:10:39.226581330Z [2026-09-23 10:10:39.226][1][info][main] [external/envoy/source/server/server.cc:471]   network.connection.client: default, envoy_internal
envoy-1          | 2026-09-23T10:10:39.226586399Z [2026-09-23 10:10:39.226][1][info][main] [external/envoy/source/server/server.cc:471]   envoy.tls.cert_validator: envoy.tls.cert_validator.default, envoy.tls.cert_validator.spiffe
envoy-1          | 2026-09-23T10:10:39.226591901Z [2026-09-23 10:10:39.226][1][info][main] [external/envoy/source/server/server.cc:471]   envoy.matching.action: envoy.matching.actions.format_string, filter-chain-name
envoy-1          | 2026-09-23T10:10:39.226597009Z [2026-09-23 10:10:39.226][1][info][main] [external/envoy/source/server/server.cc:471]   envoy.network.dns_resolver: envoy.network.dns_resolver.cares
envoy-1          | 2026-09-23T10:10:39.226602070Z [2026-09-23 10:10:39.226][1][info][main] [external/envoy/source/server/server.cc:471]   envoy.thrift_proxy.protocols: auto, binary, binary/non-strict, compact, twitter
envoy-1          | 2026-09-23T10:10:39.226607208Z [2026-09-23 10:10:39.226][1][info][main] [external/envoy/source/server/server.cc:471]   envoy.matching.stat_matching_data.input: stat_full_name_match_input
envoy-1          | 2026-09-23T10:10:39.226612288Z [2026-09-23 10:10:39.226][1][info][main] [external/envoy/source/server/server.cc:471]   envoy.retry_host_predicates: envoy.retry_host_predicates.omit_canary_hosts, envoy.retry_host_predicates.omit_host_metadata, envoy.retry_host_predicates.previous_hosts
envoy-1          | 2026-09-23T10:10:39.226621743Z [2026-09-23 10:10:39.226][1][info][main] [external/envoy/source/server/server.cc:471]   envoy.formatter: envoy.formatter.metadata, envoy.formatter.req_without_query
envoy-1          | 2026-09-23T10:10:39.226627233Z [2026-09-23 10:10:39.226][1][info][main] [external/envoy/source/server/server.cc:471]   filter_state.object: envoy.filters.listener.original_dst.local_ip, envoy.filters.listener.original_dst.remote_ip, envoy.network.application_protocols, envoy.network.transport_socket.original_dst_address, envoy.network.upstream_server_name, envoy.network.upstream_subject_alt_names, envoy.ratelimit.hits_addend, envoy.router.debug_config, envoy.tcp_proxy.cluster, envoy.tcp_proxy.disable_tunneling, envoy.tcp_proxy.per_connection_idle_timeout_ms, envoy.upstream.dynamic_host, envoy.upstream.dynamic_port
envoy-1          | 2026-09-23T10:10:39.226633517Z [2026-09-23 10:10:39.226][1][info][main] [external/envoy/source/server/server.cc:471]   envoy.dubbo_proxy.filters: envoy.filters.dubbo.router
envoy-1          | 2026-09-23T10:10:39.226638605Z [2026-09-23 10:10:39.226][1][info][main] [external/envoy/source/server/server.cc:471]   envoy.listener_manager_impl: envoy.listener_manager_impl.default, envoy.listener_manager_impl.validation
envoy-1          | 2026-09-23T10:10:39.226643781Z [2026-09-23 10:10:39.226][1][info][main] [external/envoy/source/server/server.cc:471]   envoy.resource_monitors: envoy.resource_monitors.fixed_heap, envoy.resource_monitors.injected_resource
envoy-1          | 2026-09-23T10:10:39.226648941Z [2026-09-23 10:10:39.226][1][info][main] [external/envoy/source/server/server.cc:471]   envoy.path.match: envoy.path.match.uri_template.uri_template_matcher
envoy-1          | 2026-09-23T10:10:39.226654237Z [2026-09-23 10:10:39.226][1][info][main] [external/envoy/source/server/server.cc:471]   envoy.bootstrap: envoy.bootstrap.internal_listener, envoy.bootstrap.wasm, envoy.bootstrap.workload_discovery, envoy.extensions.network.socket_interface.default_socket_interface
envoy-1          | 2026-09-23T10:10:39.226659613Z [2026-09-23 10:10:39.226][1][info][main] [external/envoy/source/server/server.cc:471]   envoy.quic.server.crypto_stream: envoy.quic.crypto_stream.server.quiche
envoy-1          | 2026-09-23T10:10:39.226664724Z [2026-09-23 10:10:39.226][1][info][main] [external/envoy/source/server/server.cc:471]   envoy.ssl.server_context_factory: envoy.ssl.server_context_factory.default
envoy-1          | 2026-09-23T10:10:39.226669803Z [2026-09-23 10:10:39.226][1][info][main] [external/envoy/source/server/server.cc:471]   envoy.udp_packet_writer: envoy.udp_packet_writer.default, envoy.udp_packet_writer.gso
envoy-1          | 2026-09-23T10:10:39.226675146Z [2026-09-23 10:10:39.226][1][info][main] [external/envoy/source/server/server.cc:471]   envoy.health_checkers: envoy.health_checkers.grpc, envoy.health_checkers.http, envoy.health_checkers.redis, envoy.health_checkers.tcp
envoy-1          | 2026-09-23T10:10:39.226680703Z [2026-09-23 10:10:39.226][1][info][main] [external/envoy/source/server/server.cc:471]   envoy.regex_engines: envoy.regex_engines.google_re2
envoy-1          | 2026-09-23T10:10:39.226686175Z [2026-09-23 10:10:39.226][1][info][main] [external/envoy/source/server/server.cc:471]   envoy.access_loggers: envoy.access_loggers.file, envoy.access_loggers.http_grpc, envoy.access_loggers.open_telemetry, envoy.access_loggers.stderr, envoy.access_loggers.stdout, envoy.access_loggers.tcp_grpc, envoy.access_loggers.wasm, envoy.file_access_log, envoy.http_grpc_access_log, envoy.open_telemetry_access_log, envoy.stderr_access_log, envoy.stdout_access_log, envoy.tcp_grpc_access_log, envoy.wasm_access_log
envoy-1          | 2026-09-23T10:10:39.226696363Z [2026-09-23 10:10:39.226][1][info][main] [external/envoy/source/server/server.cc:471]   envoy.sip_proxy.filters: envoy.filters.sip.router
envoy-1          | 2026-09-23T10:10:39.226701441Z [2026-09-23 10:10:39.226][1][info][main] [external/envoy/source/server/server.cc:471]   envoy.request_id: envoy.request_id.uuid
envoy-1          | 2026-09-23T10:10:39.226706461Z [2026-09-23 10:10:39.226][1][info][main] [external/envoy/source/server/server.cc:471]   envoy.clusters: envoy.cluster.dns, envoy.cluster.eds, envoy.cluster.logical_dns, envoy.cluster.original_dst, envoy.cluster.static, envoy.cluster.strict_dns, envoy.clusters.aggregate, envoy.clusters.dynamic_forward_proxy, envoy.clusters.redis
envoy-1          | 2026-09-23T10:10:39.226711994Z [2026-09-23 10:10:39.226][1][info][main] [external/envoy/source/server/server.cc:471]   envoy.router.cluster_specifier_plugin: envoy.router.cluster_specifier_plugin.cluster_fallback, envoy.router.cluster_specifier_plugin.golang
envoy-1          | 2026-09-23T10:10:39.226717244Z [2026-09-23 10:10:39.226][1][info][main] [external/envoy/source/server/server.cc:471]   envoy.filters.udp_listener: envoy.filters.udp.dns_filter, envoy.filters.udp_listener.udp_proxy
envoy-1          | 2026-09-23T10:10:39.226722414Z [2026-09-23 10:10:39.226][1][info][main] [external/envoy/source/server/server.cc:471]   envoy.http.custom_response: envoy.extensions.http.custom_response.local_response_policy, envoy.extensions.http.custom_response.redirect_policy
envoy-1          | 2026-09-23T10:10:39.226727836Z [2026-09-23 10:10:39.226][1][info][main] [external/envoy/source/server/server.cc:471]   envoy.transport_sockets.upstream: envoy.transport_sockets.alts, envoy.transport_sockets.internal_upstream, envoy.transport_sockets.quic, envoy.transport_sockets.raw_buffer, envoy.transport_sockets.starttls, envoy.transport_sockets.tap, envoy.transport_sockets.tls, envoy.transport_sockets.upstream_proxy_protocol, raw_buffer, starttls, tls
envoy-1          | 2026-09-23T10:10:39.226734832Z [2026-09-23 10:10:39.226][1][info][main] [external/envoy/source/server/server.cc:471]   envoy.guarddog_actions: envoy.watchdog.abort_action, envoy.watchdog.profile_action
envoy-1          | 2026-09-23T10:10:39.226739966Z [2026-09-23 10:10:39.226][1][info][main] [external/envoy/source/server/server.cc:471]   envoy.filters.listener: envoy.filters.listener.http_inspector, envoy.filters.listener.original_dst, envoy.filters.listener.original_src, envoy.filters.listener.proxy_protocol, envoy.filters.listener.tls_inspector, envoy.listener.http_inspector, envoy.listener.original_dst, envoy.listener.original_src, envoy.listener.proxy_protocol, envoy.listener.tls_inspector, istio.set_internal_dst_address
envoy-1          | 2026-09-23T10:10:39.226745914Z [2026-09-23 10:10:39.226][1][info][main] [external/envoy/source/server/server.cc:471]   envoy.path.rewrite: envoy.path.rewrite.uri_template.uri_template_rewriter
envoy-1          | 2026-09-23T10:10:39.226751042Z [2026-09-23 10:10:39.226][1][info][main] [external/envoy/source/server/server.cc:471]   envoy.transport_sockets.downstream: envoy.transport_sockets.alts, envoy.transport_sockets.quic, envoy.transport_sockets.raw_buffer, envoy.transport_sockets.starttls, envoy.transport_sockets.tap, envoy.transport_sockets.tls, raw_buffer, starttls, tls
envoy-1          | 2026-09-23T10:10:39.226756637Z [2026-09-23 10:10:39.226][1][info][main] [external/envoy/source/server/server.cc:471]   envoy.retry_priorities: envoy.retry_priorities.previous_priorities
envoy-1          | 2026-09-23T10:10:39.226761673Z [2026-09-23 10:10:39.226][1][info][main] [external/envoy/source/server/server.cc:471]   envoy.wasm.runtime: envoy.wasm.runtime.null, envoy.wasm.runtime.v8
envoy-1          | 2026-09-23T10:10:39.226771004Z [2026-09-23 10:10:39.226][1][info][main] [external/envoy/source/server/server.cc:471]   envoy.config_mux: envoy.config_mux.delta_grpc_mux_factory, envoy.config_mux.grpc_mux_factory, envoy.config_mux.new_grpc_mux_factory, envoy.config_mux.sotw_grpc_mux_factory
envoy-1          | 2026-09-23T10:10:39.226776794Z [2026-09-23 10:10:39.226][1][info][main] [external/envoy/source/server/server.cc:471]   envoy.rate_limit_descriptors: envoy.rate_limit_descriptors.expr
envoy-1          | 2026-09-23T10:10:39.226781859Z [2026-09-23 10:10:39.226][1][info][main] [external/envoy/source/server/server.cc:471]   envoy.dubbo_proxy.serializers: dubbo.hessian2
envoy-1          | 2026-09-23T10:10:39.226788971Z [2026-09-23 10:10:39.226][1][info][main] [external/envoy/source/server/server.cc:471]   envoy.filters.http: envoy.bandwidth_limit, envoy.buffer, envoy.cors, envoy.csrf, envoy.ext_authz, envoy.ext_proc, envoy.fault, envoy.filters.http.adaptive_concurrency, envoy.filters.http.admission_control, envoy.filters.http.alternate_protocols_cache, envoy.filters.http.aws_lambda, envoy.filters.http.aws_request_signing, envoy.filters.http.bandwidth_limit, envoy.filters.http.buffer, envoy.filters.http.cache, envoy.filters.http.cdn_loop, envoy.filters.http.composite, envoy.filters.http.compressor, envoy.filters.http.connect_authority, envoy.filters.http.connect_grpc_bridge, envoy.filters.http.cors, envoy.filters.http.csrf, envoy.filters.http.custom_response, envoy.filters.http.decompressor, envoy.filters.http.dynamic_forward_proxy, envoy.filters.http.ext_authz, envoy.filters.http.ext_proc, envoy.filters.http.fault, envoy.filters.http.gcp_authn, envoy.filters.http.golang, envoy.filters.http.grpc_field_extraction, envoy.filters.http.grpc_http1_bridge, envoy.filters.http.grpc_http1_reverse_bridge, envoy.filters.http.grpc_json_transcoder, envoy.filters.http.grpc_stats, envoy.filters.http.grpc_web, envoy.filters.http.header_mutation, envoy.filters.http.header_to_metadata, envoy.filters.http.health_check, envoy.filters.http.http_dubbo_transcoder, envoy.filters.http.ip_tagging, envoy.filters.http.istio_stats, envoy.filters.http.jwt_authn, envoy.filters.http.local_ratelimit, envoy.filters.http.lua, envoy.filters.http.match_delegate, envoy.filters.http.mcp_sse_stateful_session, envoy.filters.http.oauth2, envoy.filters.http.on_demand, envoy.filters.http.original_src, envoy.filters.http.peer_metadata, envoy.filters.http.ratelimit, envoy.filters.http.rbac, envoy.filters.http.router, envoy.filters.http.set_metadata, envoy.filters.http.stateful_session, envoy.filters.http.sxg, envoy.filters.http.tap, envoy.filters.http.wasm, envoy.grpc_http1_bridge, envoy.grpc_json_transcoder, envoy.grpc_web, envoy.health_check, envoy.ip_tagging, envoy.local_rate_limit, envoy.lua, envoy.rate_limit, envoy.router, istio.alpn, istio_authn
envoy-1          | 2026-09-23T10:10:39.226801539Z [2026-09-23 10:10:39.226][1][info][main] [external/envoy/source/server/server.cc:471]   envoy.filters.network: envoy.echo, envoy.ext_authz, envoy.filters.network.connect_authority, envoy.filters.network.connection_limit, envoy.filters.network.direct_response, envoy.filters.network.dubbo_proxy, envoy.filters.network.echo, envoy.filters.network.ext_authz, envoy.filters.network.golang, envoy.filters.network.http_connection_manager, envoy.filters.network.istio_stats, envoy.filters.network.kafka_broker, envoy.filters.network.kafka_mesh, envoy.filters.network.local_ratelimit, envoy.filters.network.metadata_exchange, envoy.filters.network.mongo_proxy, envoy.filters.network.mysql_proxy, envoy.filters.network.postgres_proxy, envoy.filters.network.ratelimit, envoy.filters.network.rbac, envoy.filters.network.redis_proxy, envoy.filters.network.rocketmq_proxy, envoy.filters.network.sip_proxy, envoy.filters.network.sni_cluster, envoy.filters.network.sni_dynamic_forward_proxy, envoy.filters.network.tcp_cluster_rewrite, envoy.filters.network.tcp_proxy, envoy.filters.network.thrift_proxy, envoy.filters.network.wasm, envoy.filters.network.zookeeper_proxy, envoy.http_connection_manager, envoy.mongo_proxy, envoy.ratelimit, envoy.redis_proxy, envoy.tcp_proxy, forward_downstream_sni, io.istio.network.authn, sni_verifier
envoy-1          | 2026-09-23T10:10:39.226814215Z [2026-09-23 10:10:39.226][1][info][main] [external/envoy/source/server/server.cc:471]   envoy.upstreams: envoy.filters.connection_pools.http.dubbo_tcp, envoy.filters.connection_pools.http.generic, envoy.filters.connection_pools.http.http, envoy.filters.connection_pools.http.tcp
envoy-1          | 2026-09-23T10:10:39.226820395Z [2026-09-23 10:10:39.226][1][info][main] [external/envoy/source/server/server.cc:471]   envoy.compression.decompressor: envoy.compression.brotli.decompressor, envoy.compression.gzip.decompressor, envoy.compression.zstd.decompressor
envoy-1          | 2026-09-23T10:10:39.226827135Z [2026-09-23 10:10:39.226][1][info][main] [external/envoy/source/server/server.cc:471]   envoy.internal_redirect_predicates: envoy.internal_redirect_predicates.allow_listed_routes, envoy.internal_redirect_predicates.previous_routes, envoy.internal_redirect_predicates.safe_cross_scheme
envoy-1          | 2026-09-23T10:10:39.226832598Z [2026-09-23 10:10:39.226][1][info][main] [external/envoy/source/server/server.cc:471]   envoy.http.header_validators: envoy.http.header_validators.envoy_default
envoy-1          | 2026-09-23T10:10:39.226838001Z [2026-09-23 10:10:39.226][1][info][main] [external/envoy/source/server/server.cc:471]   envoy.srds_factory: envoy.srds_factory.default
envoy-1          | 2026-09-23T10:10:39.226843025Z [2026-09-23 10:10:39.226][1][info][main] [external/envoy/source/server/server.cc:471]   envoy.quic.connection_id_generator: envoy.quic.deterministic_connection_id_generator
envoy-1          | 2026-09-23T10:10:39.226848175Z [2026-09-23 10:10:39.226][1][info][main] [external/envoy/source/server/server.cc:471]   envoy.matching.common_inputs: envoy.matching.common_inputs.environment_variable
envoy-1          | 2026-09-23T10:10:39.226853297Z [2026-09-23 10:10:39.226][1][info][main] [external/envoy/source/server/server.cc:471]   envoy.dubbo_proxy.protocols: dubbo
envoy-1          | 2026-09-23T10:10:39.232813837Z [2026-09-23 10:10:39.232][1][info][main] [external/envoy/source/server/server.cc:531] HTTP header map info:
envoy-1          | 2026-09-23T10:10:39.232848317Z [2026-09-23 10:10:39.232][1][info][main] [external/envoy/source/server/server.cc:534]   request header map: 664 bytes: :authority,:method,:path,:protocol,:scheme,accept,accept-encoding,access-control-request-headers,access-control-request-method,access-control-request-private-network,authentication,authorization,cache-control,cdn-loop,connection,content-encoding,content-length,content-type,expect,grpc-accept-encoding,grpc-timeout,if-match,if-modified-since,if-none-match,if-range,if-unmodified-since,keep-alive,origin,pragma,proxy-connection,proxy-status,referer,te,transfer-encoding,upgrade,user-agent,via,x-client-trace-id,x-envoy-attempt-count,x-envoy-decorator-operation,x-envoy-downstream-service-cluster,x-envoy-downstream-service-node,x-envoy-expected-rq-timeout-ms,x-envoy-external-address,x-envoy-force-trace,x-envoy-hedge-on-per-try-timeout,x-envoy-internal,x-envoy-ip-tags,x-envoy-is-timeout-retry,x-envoy-max-retries,x-envoy-original-host,x-envoy-original-path,x-envoy-original-url,x-envoy-retriable-header-names,x-envoy-retriable-status-codes,x-envoy-retry-grpc-on,x-envoy-retry-on,x-envoy-upstream-alt-stat-name,x-envoy-upstream-rq-per-try-timeout-ms,x-envoy-upstream-rq-timeout-alt-response,x-envoy-upstream-rq-timeout-ms,x-envoy-upstream-stream-duration-ms,x-forwarded-client-cert,x-forwarded-for,x-forwarded-host,x-forwarded-port,x-forwarded-proto,x-request-id
envoy-1          | 2026-09-23T10:10:39.232867206Z [2026-09-23 10:10:39.232][1][info][main] [external/envoy/source/server/server.cc:534]   request trailer map: 120 bytes: 
envoy-1          | 2026-09-23T10:10:39.232898670Z [2026-09-23 10:10:39.232][1][info][main] [external/envoy/source/server/server.cc:534]   response header map: 432 bytes: :status,access-control-allow-credentials,access-control-allow-headers,access-control-allow-methods,access-control-allow-origin,access-control-allow-private-network,access-control-expose-headers,access-control-max-age,age,cache-control,connection,content-encoding,content-length,content-type,date,etag,expires,grpc-message,grpc-status,keep-alive,last-modified,location,proxy-connection,proxy-status,server,transfer-encoding,upgrade,vary,via,x-envoy-attempt-count,x-envoy-decorator-operation,x-envoy-degraded,x-envoy-immediate-health-check-fail,x-envoy-ratelimited,x-envoy-upstream-canary,x-envoy-upstream-healthchecked-cluster,x-envoy-upstream-service-time,x-request-id
envoy-1          | 2026-09-23T10:10:39.232912966Z [2026-09-23 10:10:39.232][1][info][main] [external/envoy/source/server/server.cc:534]   response trailer map: 144 bytes: grpc-message,grpc-status
envoy-1          | 2026-09-23T10:10:39.243242347Z [2026-09-23 10:10:39.243][1][info][main] [external/envoy/source/server/server.cc:942] runtime: {}
envoy-1          | 2026-09-23T10:10:39.243398262Z [2026-09-23 10:10:39.243][1][info][main] [external/envoy/source/server/server.cc:774] Starting admin HTTP server at 0.0.0.0:9901
envoy-1          | 2026-09-23T10:10:39.243496803Z [2026-09-23 10:10:39.243][1][info][admin] [external/envoy/source/server/admin/admin.cc:65] admin address: 0.0.0.0:9901
envoy-1          | 2026-09-23T10:10:39.243651759Z [2026-09-23 10:10:39.243][1][info][config] [external/envoy/source/server/configuration_impl.cc:181] loading tracing configuration
envoy-1          | 2026-09-23T10:10:39.243662227Z [2026-09-23 10:10:39.243][1][info][config] [external/envoy/source/server/configuration_impl.cc:132] loading 0 static secret(s)
envoy-1          | 2026-09-23T10:10:39.243669733Z [2026-09-23 10:10:39.243][1][info][config] [external/envoy/source/server/configuration_impl.cc:138] loading 2 cluster(s)
envoy-1          | 2026-09-23T10:10:39.246327429Z [2026-09-23 10:10:39.246][1][info][config] [external/envoy/source/server/configuration_impl.cc:148] loading 1 listener(s)
envoy-1          | 2026-09-23T10:10:39.306382618Z [2026-09-23 10:10:39.306][1][debug][wasm] [external/envoy/source/extensions/common/wasm/wasm.cc:326] Base Wasm created 1 now active
envoy-1          | 2026-09-23T10:10:57.168328734Z [2026-09-23 10:10:57.168][1][debug][wasm] [external/envoy/source/extensions/common/wasm/wasm.cc:364] Thread-Local Wasm created 2 now active
envoy-1          | 2026-09-23T10:10:57.176223577Z [2026-09-23 10:10:57.175][1][debug][wasm] [external/envoy/source/extensions/common/wasm/context.cc:1538] wasm log response-cache response-cache: [response-cache] [nil] [nil] cache provider is set to redis
envoy-1          | 2026-09-23T10:10:57.176257653Z [2026-09-23 10:10:57.176][1][warning][wasm] [external/envoy/source/extensions/common/wasm/context.cc:1544] wasm log response-cache response-cache: failed to init redis: error status returned by host: bad argument, will retry after
envoy-1          | 2026-09-23T10:10:57.176269937Z [2026-09-23 10:10:57.176][1][error][wasm] [external/envoy/source/extensions/common/wasm/context.cc:1547] wasm log response-cache response-cache: [response-cache] [nil] [nil] redis init failed, will try later
envoy-1          | 2026-09-23T10:10:57.176280545Z [2026-09-23 10:10:57.176][1][info][wasm] [external/envoy/source/extensions/common/wasm/context.cc:1541] wasm log response-cache response-cache: [response-cache] [nil] [nil] plugin start successfully
envoy-1          | 2026-09-23T10:10:57.176290772Z [2026-09-23 10:10:57.176][1][debug][wasm] [external/envoy/source/extensions/common/wasm/wasm.cc:417] ~Wasm 1 remaining active
envoy-1          | 2026-09-23T10:10:57.183220268Z [2026-09-23 10:10:57.182][1][debug][wasm] [external/envoy/source/extensions/common/wasm/wasm.cc:364] Thread-Local Wasm created 2 now active
envoy-1          | 2026-09-23T10:10:57.190689558Z [2026-09-23 10:10:57.190][1][debug][wasm] [external/envoy/source/extensions/common/wasm/context.cc:1538] wasm log response-cache response-cache: [response-cache] [nil] [nil] cache provider is set to redis
envoy-1          | 2026-09-23T10:10:57.190721639Z [2026-09-23 10:10:57.190][1][warning][wasm] [external/envoy/source/extensions/common/wasm/context.cc:1544] wasm log response-cache response-cache: failed to init redis: error status returned by host: bad argument, will retry after
envoy-1          | 2026-09-23T10:10:57.190734015Z [2026-09-23 10:10:57.190][1][error][wasm] [external/envoy/source/extensions/common/wasm/context.cc:1547] wasm log response-cache response-cache: [response-cache] [nil] [nil] redis init failed, will try later
envoy-1          | 2026-09-23T10:10:57.190744971Z [2026-09-23 10:10:57.190][1][info][wasm] [external/envoy/source/extensions/common/wasm/context.cc:1541] wasm log response-cache response-cache: [response-cache] [nil] [nil] plugin start successfully
envoy-1          | 2026-09-23T10:10:57.191252950Z [2026-09-23 10:10:57.191][1][info][config] [external/envoy/source/server/configuration_impl.cc:164] loading stats configuration
envoy-1          | 2026-09-23T10:10:57.191749146Z [2026-09-23 10:10:57.191][1][warning][main] [external/envoy/source/server/server.cc:1012] There is no configured limit to the number of allowed active downstream connections. Configure a limit in `envoy.resource_monitors.global_downstream_max_connections` resource monitor.
envoy-1          | 2026-09-23T10:10:57.191763007Z [2026-09-23 10:10:57.191][1][info][main] [external/envoy/source/server/server.cc:1051] starting main dispatch loop
envoy-1          | 2026-09-23T10:10:57.191989528Z [2026-09-23 10:10:57.191][1][info][runtime] [external/envoy/source/common/runtime/runtime_impl.cc:551] RTDS has finished initialization
envoy-1          | 2026-09-23T10:10:57.192025837Z [2026-09-23 10:10:57.191][1][info][upstream] [external/envoy/source/common/upstream/cluster_manager_impl.cc:252] cm init: all clusters initialized
envoy-1          | 2026-09-23T10:10:57.192038021Z [2026-09-23 10:10:57.191][1][info][main] [external/envoy/source/server/server.cc:1031] all clusters initialized. initializing init manager
envoy-1          | 2026-09-23T10:10:57.192048865Z [2026-09-23 10:10:57.191][1][info][config] [external/envoy/source/common/listener_manager/listener_manager_impl.cc:1012] all dependencies initialized. starting workers
envoy-1          | 2026-09-23T10:10:57.200763905Z [2026-09-23 10:10:57.200][29][debug][wasm] [external/envoy/source/extensions/common/wasm/wasm.cc:364] Thread-Local Wasm created 3 now active
envoy-1          | 2026-09-23T10:10:57.209281343Z [2026-09-23 10:10:57.209][29][debug][wasm] [external/envoy/source/extensions/common/wasm/context.cc:1538] wasm log response-cache response-cache: [response-cache] [nil] [nil] cache provider is set to redis
envoy-1          | 2026-09-23T10:10:57.209314236Z [2026-09-23 10:10:57.209][29][warning][wasm] [external/envoy/source/extensions/common/wasm/context.cc:1544] wasm log response-cache response-cache: failed to init redis: error status returned by host: bad argument, will retry after
envoy-1          | 2026-09-23T10:10:57.209326643Z [2026-09-23 10:10:57.209][29][error][wasm] [external/envoy/source/extensions/common/wasm/context.cc:1547] wasm log response-cache response-cache: [response-cache] [nil] [nil] redis init failed, will try later
envoy-1          | 2026-09-23T10:10:57.209355032Z [2026-09-23 10:10:57.209][29][info][wasm] [external/envoy/source/extensions/common/wasm/context.cc:1541] wasm log response-cache response-cache: [response-cache] [nil] [nil] plugin start successfully
envoy-1          | 2026-09-23T10:10:57.309846689Z RID=- CODE=200 DETAIL=via_upstream FLAGS=- UPSTREAM=172.27.0.2:8080
envoy-1          | 2026-09-23T10:10:57.327229089Z [2026-09-23 10:10:57.327][29][debug][wasm] [external/envoy/source/extensions/common/wasm/context.cc:1538] wasm log response-cache response-cache response-cache: [response-cache] [nil] [b7a7ca3d-898b-4ebe-9df9-7f0706f2f3c4] [onHttpRequestHeaders] cache key from request header: x-http-cache-key, key: hit-r1-000
envoy-1          | 2026-09-23T10:10:57.327252522Z [2026-09-23 10:10:57.327][29][debug][wasm] [external/envoy/source/extensions/common/wasm/context.cc:1538] wasm log response-cache response-cache response-cache: [response-cache] [nil] [b7a7ca3d-898b-4ebe-9df9-7f0706f2f3c4] [response-cache] [CheckCacheForKey] querying cache with key: higress-audit:hit-r1-000
envoy-1          | 2026-09-23T10:10:57.327668391Z [2026-09-23 10:10:57.327][29][debug][wasm] [external/envoy/source/extensions/common/wasm/context.cc:1538] wasm log response-cache response-cache response-cache: redis call start, request-id: a16b6ab0-3ea8-46dc-872f-cfb1881fc378, respQuery: KjINCiQzDQpnZXQNCiQyNA0KaGlncmVzcy1hdWRpdDpoaXQtcjEtMDAwDQo=
envoy-1          | 2026-09-23T10:10:58.355897312Z [2026-09-23 10:10:58.355][29][debug][wasm] [external/envoy/source/extensions/common/wasm/context.cc:1538] wasm log response-cache response-cache response-cache: redis call end, request-id: a16b6ab0-3ea8-46dc-872f-cfb1881fc378, respQuery: KjINCiQzDQpnZXQNCiQyNA0KaGlncmVzcy1hdWRpdDpoaXQtcjEtMDAwDQo=, respValue: JDQxDQp7InNvdXJjZSI6ImNhY2hlIiwidmFsdWUiOiJmaXh0dXJlLW9ubHkifQ0K
envoy-1          | 2026-09-23T10:10:58.355926716Z [2026-09-23 10:10:58.355][29][info][wasm] [external/envoy/source/extensions/common/wasm/context.cc:1541] wasm log response-cache response-cache response-cache: [response-cache] [nil] [b7a7ca3d-898b-4ebe-9df9-7f0706f2f3c4] [response-cache] cache hit for key: hit-r1-000
envoy-1          | 2026-09-23T10:10:58.355939109Z [2026-09-23 10:10:58.355][29][debug][wasm] [external/envoy/source/extensions/common/wasm/context.cc:1538] wasm log response-cache response-cache response-cache: [response-cache] [nil] [b7a7ca3d-898b-4ebe-9df9-7f0706f2f3c4] [response-cache] [processCacheHit] cached response for key hit-r1-000: {"source":"cache","value":"fixture-only"}
envoy-1          | 2026-09-23T10:10:58.355957681Z [2026-09-23 10:10:58.355][29][debug][wasm] [external/envoy/source/extensions/common/wasm/context.cc:1538] wasm log response-cache response-cache response-cache: [response-cache] [nil] [b7a7ca3d-898b-4ebe-9df9-7f0706f2f3c4] SetResponseBodyBufferLimit: 10485760
envoy-1          | 2026-09-23T10:10:58.356140694Z [2026-09-23 10:10:58.355][29][debug][wasm] [external/envoy/source/extensions/common/wasm/context.cc:1538] wasm log response-cache response-cache response-cache: [response-cache] [nil] [b7a7ca3d-898b-4ebe-9df9-7f0706f2f3c4] [onHttpResponseBody] key is nil, skip cache
envoy-1          | 2026-09-23T10:10:58.487479078Z [2026-09-23 10:10:58.487][29][debug][wasm] [external/envoy/source/extensions/common/wasm/context.cc:1538] wasm log response-cache response-cache response-cache: [response-cache] [nil] [222a6bf4-8e4e-420d-93a7-279e0af2504c] [onHttpRequestHeaders] cache key from request header: x-http-cache-key, key: miss-r1-000
envoy-1          | 2026-09-23T10:10:58.487498002Z [2026-09-23 10:10:58.487][29][debug][wasm] [external/envoy/source/extensions/common/wasm/context.cc:1538] wasm log response-cache response-cache response-cache: [response-cache] [nil] [222a6bf4-8e4e-420d-93a7-279e0af2504c] [response-cache] [CheckCacheForKey] querying cache with key: higress-audit:miss-r1-000
envoy-1          | 2026-09-23T10:10:58.487578931Z [2026-09-23 10:10:58.487][29][debug][wasm] [external/envoy/source/extensions/common/wasm/context.cc:1538] wasm log response-cache response-cache response-cache: redis call start, request-id: b55c7ae8-94b4-4b18-bc98-5c51e18d228d, respQuery: KjINCiQzDQpnZXQNCiQyNQ0KaGlncmVzcy1hdWRpdDptaXNzLXIxLTAwMA0K
envoy-1          | 2026-09-23T10:10:58.557495856Z [2026-09-23 10:10:58.557][29][debug][wasm] [external/envoy/source/extensions/common/wasm/context.cc:1538] wasm log response-cache response-cache response-cache: redis call end, request-id: b55c7ae8-94b4-4b18-bc98-5c51e18d228d, respQuery: KjINCiQzDQpnZXQNCiQyNQ0KaGlncmVzcy1hdWRpdDptaXNzLXIxLTAwMA0K, respValue: JC0xDQo=
envoy-1          | 2026-09-23T10:10:58.557516961Z [2026-09-23 10:10:58.557][29][info][wasm] [external/envoy/source/extensions/common/wasm/context.cc:1541] wasm log response-cache response-cache response-cache: [response-cache] [nil] [222a6bf4-8e4e-420d-93a7-279e0af2504c] [response-cache] [handleCacheResponse] cache miss for key: miss-r1-000
envoy-1          | 2026-09-23T10:10:58.558481808Z [2026-09-23 10:10:58.558][29][debug][wasm] [external/envoy/source/extensions/common/wasm/context.cc:1538] wasm log response-cache response-cache response-cache: [response-cache] [nil] [222a6bf4-8e4e-420d-93a7-279e0af2504c] SetResponseBodyBufferLimit: 10485760
envoy-1          | 2026-09-23T10:10:58.558744618Z [2026-09-23 10:10:58.558][29][debug][wasm] [external/envoy/source/extensions/common/wasm/context.cc:1538] wasm log response-cache response-cache response-cache: redis call start, request-id: 2eb62402-92e3-4eae-96f5-e1a521b3d455, respQuery: KjMNCiQzDQpzZXQNCiQyNQ0KaGlncmVzcy1hdWRpdDptaXNzLXIxLTAwMA0KJDQ0DQp7InNvdXJjZSI6InVwc3RyZWFtIiwidmFsdWUiOiJmaXh0dXJlLW9ubHkifQ0K
envoy-1          | 2026-09-23T10:10:58.558782607Z [2026-09-23 10:10:58.558][29][debug][wasm] [external/envoy/source/extensions/common/wasm/context.cc:1538] wasm log response-cache response-cache response-cache: [response-cache] [nil] [222a6bf4-8e4e-420d-93a7-279e0af2504c] [response-cache] [cacheResponse] cache set success, key: higress-audit:miss-r1-000, length of value: 44
envoy-1          | 2026-09-23T10:10:58.695113394Z [2026-09-23 10:10:58.694][29][debug][wasm] [external/envoy/source/extensions/common/wasm/context.cc:1538] wasm log response-cache response-cache response-cache: [response-cache] [nil] [31dd3608-b112-4141-af16-271f2081224e] [onHttpRequestHeaders] cache key from request header: x-http-cache-key, key: error-r1-000
envoy-1          | 2026-09-23T10:10:58.695146027Z [2026-09-23 10:10:58.694][29][debug][wasm] [external/envoy/source/extensions/common/wasm/context.cc:1538] wasm log response-cache response-cache response-cache: [response-cache] [nil] [31dd3608-b112-4141-af16-271f2081224e] [response-cache] [CheckCacheForKey] querying cache with key: higress-audit:error-r1-000
envoy-1          | 2026-09-23T10:10:58.695158510Z [2026-09-23 10:10:58.695][29][debug][wasm] [external/envoy/source/extensions/common/wasm/context.cc:1538] wasm log response-cache response-cache response-cache: redis call start, request-id: 33e10e28-ddad-4390-889a-95bd827e366a, respQuery: KjINCiQzDQpnZXQNCiQyNg0KaGlncmVzcy1hdWRpdDplcnJvci1yMS0wMDANCg==
envoy-1          | 2026-09-23T10:10:58.766239027Z [2026-09-23 10:10:58.766][29][debug][wasm] [external/envoy/source/extensions/common/wasm/context.cc:1538] wasm log response-cache response-cache response-cache: redis call end, request-id: 33e10e28-ddad-4390-889a-95bd827e366a, respQuery: KjINCiQzDQpnZXQNCiQyNg0KaGlncmVzcy1hdWRpdDplcnJvci1yMS0wMDANCg==, respValue: LUVSUiBjb250cm9sbGVkIGFzeW5jaHJvbm91cyBmaXh0dXJlIGVycm9yDQo=
envoy-1          | 2026-09-23T10:10:58.766274030Z [2026-09-23 10:10:58.766][29][info][wasm] [external/envoy/source/extensions/common/wasm/context.cc:1541] wasm log response-cache response-cache response-cache: [response-cache] [nil] [31dd3608-b112-4141-af16-271f2081224e] [response-cache] [handleCacheResponse] cache miss for key: error-r1-000
envoy-1          | 2026-09-23T10:10:58.766307902Z [2026-09-23 10:10:58.766][29][error][wasm] [external/envoy/source/extensions/common/wasm/context.cc:1547] wasm log response-cache response-cache response-cache: [response-cache] [nil] [31dd3608-b112-4141-af16-271f2081224e] [response-cache] [handleCacheResponse] error retrieving key: error-r1-000 from cache, error: ERR controlled asynchronous fixture error
envoy-1          | 2026-09-23T10:10:58.767532866Z [2026-09-23 10:10:58.767][29][debug][wasm] [external/envoy/source/extensions/common/wasm/context.cc:1538] wasm log response-cache response-cache response-cache: [response-cache] [nil] [31dd3608-b112-4141-af16-271f2081224e] SetResponseBodyBufferLimit: 10485760
envoy-1          | 2026-09-23T10:10:58.767717156Z [2026-09-23 10:10:58.767][29][debug][wasm] [external/envoy/source/extensions/common/wasm/context.cc:1538] wasm log response-cache response-cache response-cache: redis call start, request-id: 55fc0b4f-1cd2-4022-a513-b69b011ef8f9, respQuery: KjMNCiQzDQpzZXQNCiQyNg0KaGlncmVzcy1hdWRpdDplcnJvci1yMS0wMDANCiQ0NA0KeyJzb3VyY2UiOiJ1cHN0cmVhbSIsInZhbHVlIjoiZml4dHVyZS1vbmx5In0NCg==
envoy-1          | 2026-09-23T10:10:58.767759997Z [2026-09-23 10:10:58.767][29][debug][wasm] [external/envoy/source/extensions/common/wasm/context.cc:1538] wasm log response-cache response-cache response-cache: [response-cache] [nil] [31dd3608-b112-4141-af16-271f2081224e] [response-cache] [cacheResponse] cache set success, key: higress-audit:error-r1-000, length of value: 44
envoy-1          | 2026-09-23T10:10:58.903412524Z [2026-09-23 10:10:58.903][29][debug][wasm] [external/envoy/source/extensions/common/wasm/context.cc:1538] wasm log response-cache response-cache response-cache: [response-cache] [nil] [d72899de-fd04-4f5b-a14a-0f22e664481f] [onHttpRequestHeaders] cache key from request header: x-http-cache-key, key: empty-r1-000
envoy-1          | 2026-09-23T10:10:58.903445897Z [2026-09-23 10:10:58.903][29][debug][wasm] [external/envoy/source/extensions/common/wasm/context.cc:1538] wasm log response-cache response-cache response-cache: [response-cache] [nil] [d72899de-fd04-4f5b-a14a-0f22e664481f] [response-cache] [CheckCacheForKey] querying cache with key: higress-audit:empty-r1-000
envoy-1          | 2026-09-23T10:10:58.903574821Z [2026-09-23 10:10:58.903][29][debug][wasm] [external/envoy/source/extensions/common/wasm/context.cc:1538] wasm log response-cache response-cache response-cache: redis call start, request-id: a80c05b3-ce8c-4f7f-a834-710b0550567e, respQuery: KjINCiQzDQpnZXQNCiQyNg0KaGlncmVzcy1hdWRpdDplbXB0eS1yMS0wMDANCg==
envoy-1          | 2026-09-23T10:10:58.974773450Z [2026-09-23 10:10:58.974][29][debug][wasm] [external/envoy/source/extensions/common/wasm/context.cc:1538] wasm log response-cache response-cache response-cache: redis call end, request-id: a80c05b3-ce8c-4f7f-a834-710b0550567e, respQuery: KjINCiQzDQpnZXQNCiQyNg0KaGlncmVzcy1hdWRpdDplbXB0eS1yMS0wMDANCg==, respValue: JDANCg0K
envoy-1          | 2026-09-23T10:10:58.974819907Z [2026-09-23 10:10:58.974][29][info][wasm] [external/envoy/source/extensions/common/wasm/context.cc:1541] wasm log response-cache response-cache response-cache: [response-cache] [nil] [d72899de-fd04-4f5b-a14a-0f22e664481f] [response-cache] cache hit for key: empty-r1-000
envoy-1          | 2026-09-23T10:10:58.974842911Z [2026-09-23 10:10:58.974][29][warning][wasm] [external/envoy/source/extensions/common/wasm/context.cc:1544] wasm log response-cache response-cache response-cache: [response-cache] [nil] [d72899de-fd04-4f5b-a14a-0f22e664481f] [response-cache] [processCacheHit] cached response for key empty-r1-000 is empty
envoy-1          | 2026-09-23T10:10:58.976097752Z [2026-09-23 10:10:58.975][29][debug][wasm] [external/envoy/source/extensions/common/wasm/context.cc:1538] wasm log response-cache response-cache response-cache: [response-cache] [nil] [d72899de-fd04-4f5b-a14a-0f22e664481f] SetResponseBodyBufferLimit: 10485760
envoy-1          | 2026-09-23T10:10:58.976315886Z [2026-09-23 10:10:58.976][29][debug][wasm] [external/envoy/source/extensions/common/wasm/context.cc:1538] wasm log response-cache response-cache response-cache: redis call start, request-id: 666f9db4-af57-43ef-bb2e-bd71a11ce42e, respQuery: KjMNCiQzDQpzZXQNCiQyNg0KaGlncmVzcy1hdWRpdDplbXB0eS1yMS0wMDANCiQ0NA0KeyJzb3VyY2UiOiJ1cHN0cmVhbSIsInZhbHVlIjoiZml4dHVyZS1vbmx5In0NCg==
envoy-1          | 2026-09-23T10:10:58.976346201Z [2026-09-23 10:10:58.976][29][debug][wasm] [external/envoy/source/extensions/common/wasm/context.cc:1538] wasm log response-cache response-cache response-cache: [response-cache] [nil] [d72899de-fd04-4f5b-a14a-0f22e664481f] [response-cache] [cacheResponse] cache set success, key: higress-audit:empty-r1-000, length of value: 44
