mode: set
github.com/alibaba/higress/plugins/wasm-go/extensions/ai-quota/util/http.go:12.96,14.2 1 0
github.com/alibaba/higress/plugins/wasm-go/extensions/ai-quota/util/http.go:16.47,17.21 1 1
github.com/alibaba/higress/plugins/wasm-go/extensions/ai-quota/util/http.go:17.21,19.3 1 1
github.com/alibaba/higress/plugins/wasm-go/extensions/ai-quota/util/http.go:20.2,21.35 2 1
github.com/alibaba/higress/plugins/wasm-go/extensions/ai-quota/util/http.go:21.35,23.3 1 1
github.com/alibaba/higress/plugins/wasm-go/extensions/ai-quota/util/http.go:24.2,24.16 1 1
github.com/alibaba/higress/plugins/wasm-go/extensions/ai-quota/main.go:46.14,46.15 0 0
github.com/alibaba/higress/plugins/wasm-go/extensions/ai-quota/main.go:48.13,58.2 1 1
github.com/alibaba/higress/plugins/wasm-go/extensions/ai-quota/main.go:84.64,89.28 4 1
github.com/alibaba/higress/plugins/wasm-go/extensions/ai-quota/main.go:89.28,91.3 1 1
github.com/alibaba/higress/plugins/wasm-go/extensions/ai-quota/main.go:92.2,93.28 2 1
github.com/alibaba/higress/plugins/wasm-go/extensions/ai-quota/main.go:93.28,95.3 1 1
github.com/alibaba/higress/plugins/wasm-go/extensions/ai-quota/main.go:95.8,95.36 1 1
github.com/alibaba/higress/plugins/wasm-go/extensions/ai-quota/main.go:95.36,97.3 1 0
github.com/alibaba/higress/plugins/wasm-go/extensions/ai-quota/main.go:97.8,100.39 3 1
github.com/alibaba/higress/plugins/wasm-go/extensions/ai-quota/main.go:100.39,102.23 2 1
github.com/alibaba/higress/plugins/wasm-go/extensions/ai-quota/main.go:102.23,103.13 1 0
github.com/alibaba/higress/plugins/wasm-go/extensions/ai-quota/main.go:105.4,105.76 1 1
github.com/alibaba/higress/plugins/wasm-go/extensions/ai-quota/main.go:108.2,108.41 1 1
github.com/alibaba/higress/plugins/wasm-go/extensions/ai-quota/main.go:108.41,110.3 1 0
github.com/alibaba/higress/plugins/wasm-go/extensions/ai-quota/main.go:111.2,111.32 1 1
github.com/alibaba/higress/plugins/wasm-go/extensions/ai-quota/main.go:111.32,113.3 1 1
github.com/alibaba/higress/plugins/wasm-go/extensions/ai-quota/main.go:115.2,116.33 2 1
github.com/alibaba/higress/plugins/wasm-go/extensions/ai-quota/main.go:116.33,118.3 1 1
github.com/alibaba/higress/plugins/wasm-go/extensions/ai-quota/main.go:119.2,120.27 2 1
github.com/alibaba/higress/plugins/wasm-go/extensions/ai-quota/main.go:120.27,122.3 1 0
github.com/alibaba/higress/plugins/wasm-go/extensions/ai-quota/main.go:123.2,124.23 2 1
github.com/alibaba/higress/plugins/wasm-go/extensions/ai-quota/main.go:124.23,126.3 1 0
github.com/alibaba/higress/plugins/wasm-go/extensions/ai-quota/main.go:127.2,128.22 2 1
github.com/alibaba/higress/plugins/wasm-go/extensions/ai-quota/main.go:128.22,129.48 1 0
github.com/alibaba/higress/plugins/wasm-go/extensions/ai-quota/main.go:129.48,132.4 1 0
github.com/alibaba/higress/plugins/wasm-go/extensions/ai-quota/main.go:132.9,134.4 1 0
github.com/alibaba/higress/plugins/wasm-go/extensions/ai-quota/main.go:136.2,139.18 4 1
github.com/alibaba/higress/plugins/wasm-go/extensions/ai-quota/main.go:139.18,141.3 1 1
github.com/alibaba/higress/plugins/wasm-go/extensions/ai-quota/main.go:142.2,154.100 9 1
github.com/alibaba/higress/plugins/wasm-go/extensions/ai-quota/main.go:157.89,162.16 4 1
github.com/alibaba/higress/plugins/wasm-go/extensions/ai-quota/main.go:162.16,164.3 1 1
github.com/alibaba/higress/plugins/wasm-go/extensions/ai-quota/main.go:165.2,165.20 1 1
github.com/alibaba/higress/plugins/wasm-go/extensions/ai-quota/main.go:165.20,167.3 1 0
github.com/alibaba/higress/plugins/wasm-go/extensions/ai-quota/main.go:169.2,176.30 8 1
github.com/alibaba/higress/plugins/wasm-go/extensions/ai-quota/main.go:176.30,178.3 1 1
github.com/alibaba/higress/plugins/wasm-go/extensions/ai-quota/main.go:179.2,179.31 1 1
github.com/alibaba/higress/plugins/wasm-go/extensions/ai-quota/main.go:179.31,181.34 1 1
github.com/alibaba/higress/plugins/wasm-go/extensions/ai-quota/main.go:181.34,183.4 1 1
github.com/alibaba/higress/plugins/wasm-go/extensions/ai-quota/main.go:184.3,184.67 1 1
github.com/alibaba/higress/plugins/wasm-go/extensions/ai-quota/main.go:184.67,187.4 2 1
github.com/alibaba/higress/plugins/wasm-go/extensions/ai-quota/main.go:188.3,188.30 1 0
github.com/alibaba/higress/plugins/wasm-go/extensions/ai-quota/main.go:192.2,194.83 2 1
github.com/alibaba/higress/plugins/wasm-go/extensions/ai-quota/main.go:194.83,196.42 2 1
github.com/alibaba/higress/plugins/wasm-go/extensions/ai-quota/main.go:196.42,198.4 1 0
github.com/alibaba/higress/plugins/wasm-go/extensions/ai-quota/main.go:199.3,199.24 1 1
github.com/alibaba/higress/plugins/wasm-go/extensions/ai-quota/main.go:199.24,201.4 1 0
github.com/alibaba/higress/plugins/wasm-go/extensions/ai-quota/main.go:202.3,202.30 1 1
github.com/alibaba/higress/plugins/wasm-go/extensions/ai-quota/main.go:202.30,204.4 1 0
github.com/alibaba/higress/plugins/wasm-go/extensions/ai-quota/main.go:205.3,206.15 2 1
github.com/alibaba/higress/plugins/wasm-go/extensions/ai-quota/main.go:206.15,209.4 2 0
github.com/alibaba/higress/plugins/wasm-go/extensions/ai-quota/main.go:210.3,210.32 1 1
github.com/alibaba/higress/plugins/wasm-go/extensions/ai-quota/main.go:212.2,212.49 1 1
github.com/alibaba/higress/plugins/wasm-go/extensions/ai-quota/main.go:215.95,218.9 3 1
github.com/alibaba/higress/plugins/wasm-go/extensions/ai-quota/main.go:218.9,220.3 1 0
github.com/alibaba/higress/plugins/wasm-go/extensions/ai-quota/main.go:221.2,221.64 1 1
github.com/alibaba/higress/plugins/wasm-go/extensions/ai-quota/main.go:221.64,223.3 1 0
github.com/alibaba/higress/plugins/wasm-go/extensions/ai-quota/main.go:224.2,225.9 2 1
github.com/alibaba/higress/plugins/wasm-go/extensions/ai-quota/main.go:225.9,227.3 1 0
github.com/alibaba/higress/plugins/wasm-go/extensions/ai-quota/main.go:228.2,229.9 2 1
github.com/alibaba/higress/plugins/wasm-go/extensions/ai-quota/main.go:229.9,231.3 1 0
github.com/alibaba/higress/plugins/wasm-go/extensions/ai-quota/main.go:233.2,233.35 1 1
github.com/alibaba/higress/plugins/wasm-go/extensions/ai-quota/main.go:233.35,235.3 1 1
github.com/alibaba/higress/plugins/wasm-go/extensions/ai-quota/main.go:236.2,236.33 1 0
github.com/alibaba/higress/plugins/wasm-go/extensions/ai-quota/main.go:236.33,238.3 1 0
github.com/alibaba/higress/plugins/wasm-go/extensions/ai-quota/main.go:240.2,240.29 1 0
github.com/alibaba/higress/plugins/wasm-go/extensions/ai-quota/main.go:243.81,245.43 2 1
github.com/alibaba/higress/plugins/wasm-go/extensions/ai-quota/main.go:245.43,248.3 2 1
github.com/alibaba/higress/plugins/wasm-go/extensions/ai-quota/main.go:250.2,251.75 2 1
github.com/alibaba/higress/plugins/wasm-go/extensions/ai-quota/main.go:251.75,253.3 1 1
github.com/alibaba/higress/plugins/wasm-go/extensions/ai-quota/main.go:254.2,254.29 1 1
github.com/alibaba/higress/plugins/wasm-go/extensions/ai-quota/main.go:257.117,260.2 2 1
github.com/alibaba/higress/plugins/wasm-go/extensions/ai-quota/main.go:262.96,265.2 2 1
github.com/alibaba/higress/plugins/wasm-go/extensions/ai-quota/main.go:267.103,268.73 1 1
github.com/alibaba/higress/plugins/wasm-go/extensions/ai-quota/main.go:268.73,270.3 1 1
github.com/alibaba/higress/plugins/wasm-go/extensions/ai-quota/main.go:272.2,273.43 2 1
github.com/alibaba/higress/plugins/wasm-go/extensions/ai-quota/main.go:273.43,275.3 1 0
github.com/alibaba/higress/plugins/wasm-go/extensions/ai-quota/main.go:276.2,276.72 1 1
github.com/alibaba/higress/plugins/wasm-go/extensions/ai-quota/main.go:276.72,279.3 2 1
github.com/alibaba/higress/plugins/wasm-go/extensions/ai-quota/main.go:282.2,282.18 1 1
github.com/alibaba/higress/plugins/wasm-go/extensions/ai-quota/main.go:282.18,284.3 1 1
github.com/alibaba/higress/plugins/wasm-go/extensions/ai-quota/main.go:286.2,289.70 4 1
github.com/alibaba/higress/plugins/wasm-go/extensions/ai-quota/main.go:289.70,291.3 1 1
github.com/alibaba/higress/plugins/wasm-go/extensions/ai-quota/main.go:293.2,299.99 4 1
github.com/alibaba/higress/plugins/wasm-go/extensions/ai-quota/main.go:299.99,302.3 2 1
github.com/alibaba/higress/plugins/wasm-go/extensions/ai-quota/main.go:305.41,308.2 2 1
github.com/alibaba/higress/plugins/wasm-go/extensions/ai-quota/main.go:310.48,313.2 2 0
github.com/alibaba/higress/plugins/wasm-go/extensions/ai-quota/main.go:315.99,317.55 2 1
github.com/alibaba/higress/plugins/wasm-go/extensions/ai-quota/main.go:317.55,319.3 1 1
github.com/alibaba/higress/plugins/wasm-go/extensions/ai-quota/main.go:320.2,320.53 1 1
github.com/alibaba/higress/plugins/wasm-go/extensions/ai-quota/main.go:320.53,322.3 1 1
github.com/alibaba/higress/plugins/wasm-go/extensions/ai-quota/main.go:323.2,323.44 1 1
github.com/alibaba/higress/plugins/wasm-go/extensions/ai-quota/main.go:323.44,325.3 1 1
github.com/alibaba/higress/plugins/wasm-go/extensions/ai-quota/main.go:326.2,326.38 1 1
github.com/alibaba/higress/plugins/wasm-go/extensions/ai-quota/main.go:326.38,327.38 1 1
github.com/alibaba/higress/plugins/wasm-go/extensions/ai-quota/main.go:327.38,329.4 1 1
github.com/alibaba/higress/plugins/wasm-go/extensions/ai-quota/main.go:331.2,331.36 1 1
github.com/alibaba/higress/plugins/wasm-go/extensions/ai-quota/main.go:334.112,336.43 1 1
github.com/alibaba/higress/plugins/wasm-go/extensions/ai-quota/main.go:336.43,339.3 2 0
github.com/alibaba/higress/plugins/wasm-go/extensions/ai-quota/main.go:341.2,343.32 3 1
github.com/alibaba/higress/plugins/wasm-go/extensions/ai-quota/main.go:343.32,345.3 1 1
github.com/alibaba/higress/plugins/wasm-go/extensions/ai-quota/main.go:346.2,348.39 3 1
github.com/alibaba/higress/plugins/wasm-go/extensions/ai-quota/main.go:348.39,351.3 2 0
github.com/alibaba/higress/plugins/wasm-go/extensions/ai-quota/main.go:352.2,352.103 1 1
github.com/alibaba/higress/plugins/wasm-go/extensions/ai-quota/main.go:352.103,354.42 2 1
github.com/alibaba/higress/plugins/wasm-go/extensions/ai-quota/main.go:354.42,357.4 2 0
github.com/alibaba/higress/plugins/wasm-go/extensions/ai-quota/main.go:358.3,358.102 1 1
github.com/alibaba/higress/plugins/wasm-go/extensions/ai-quota/main.go:361.2,361.17 1 1
github.com/alibaba/higress/plugins/wasm-go/extensions/ai-quota/main.go:361.17,364.3 2 0
github.com/alibaba/higress/plugins/wasm-go/extensions/ai-quota/main.go:366.2,366.26 1 1
github.com/alibaba/higress/plugins/wasm-go/extensions/ai-quota/main.go:369.111,371.43 1 1
github.com/alibaba/higress/plugins/wasm-go/extensions/ai-quota/main.go:371.43,374.3 2 0
github.com/alibaba/higress/plugins/wasm-go/extensions/ai-quota/main.go:376.2,378.32 3 1
github.com/alibaba/higress/plugins/wasm-go/extensions/ai-quota/main.go:378.32,380.3 1 1
github.com/alibaba/higress/plugins/wasm-go/extensions/ai-quota/main.go:381.2,381.30 1 1
github.com/alibaba/higress/plugins/wasm-go/extensions/ai-quota/main.go:381.30,384.3 2 0
github.com/alibaba/higress/plugins/wasm-go/extensions/ai-quota/main.go:385.2,386.95 2 1
github.com/alibaba/higress/plugins/wasm-go/extensions/ai-quota/main.go:386.95,388.42 2 1
github.com/alibaba/higress/plugins/wasm-go/extensions/ai-quota/main.go:388.42,391.4 2 0
github.com/alibaba/higress/plugins/wasm-go/extensions/ai-quota/main.go:391.9,391.31 1 1
github.com/alibaba/higress/plugins/wasm-go/extensions/ai-quota/main.go:391.31,393.4 1 0
github.com/alibaba/higress/plugins/wasm-go/extensions/ai-quota/main.go:393.9,395.4 1 1
github.com/alibaba/higress/plugins/wasm-go/extensions/ai-quota/main.go:396.3,404.92 3 1
github.com/alibaba/higress/plugins/wasm-go/extensions/ai-quota/main.go:406.2,406.16 1 1
github.com/alibaba/higress/plugins/wasm-go/extensions/ai-quota/main.go:406.16,409.3 2 0
github.com/alibaba/higress/plugins/wasm-go/extensions/ai-quota/main.go:410.2,410.26 1 1
github.com/alibaba/higress/plugins/wasm-go/extensions/ai-quota/main.go:413.110,415.43 1 0
github.com/alibaba/higress/plugins/wasm-go/extensions/ai-quota/main.go:415.43,418.3 2 0
github.com/alibaba/higress/plugins/wasm-go/extensions/ai-quota/main.go:420.2,422.32 3 0
github.com/alibaba/higress/plugins/wasm-go/extensions/ai-quota/main.go:422.32,424.3 1 0
github.com/alibaba/higress/plugins/wasm-go/extensions/ai-quota/main.go:425.2,427.39 3 0
github.com/alibaba/higress/plugins/wasm-go/extensions/ai-quota/main.go:427.39,430.3 2 0
github.com/alibaba/higress/plugins/wasm-go/extensions/ai-quota/main.go:432.2,432.16 1 0
github.com/alibaba/higress/plugins/wasm-go/extensions/ai-quota/main.go:432.16,433.106 1 0
github.com/alibaba/higress/plugins/wasm-go/extensions/ai-quota/main.go:433.106,435.43 2 0
github.com/alibaba/higress/plugins/wasm-go/extensions/ai-quota/main.go:435.43,438.5 2 0
github.com/alibaba/higress/plugins/wasm-go/extensions/ai-quota/main.go:439.4,439.99 1 0
github.com/alibaba/higress/plugins/wasm-go/extensions/ai-quota/main.go:441.3,441.17 1 0
github.com/alibaba/higress/plugins/wasm-go/extensions/ai-quota/main.go:441.17,444.4 2 0
github.com/alibaba/higress/plugins/wasm-go/extensions/ai-quota/main.go:445.8,446.108 1 0
github.com/alibaba/higress/plugins/wasm-go/extensions/ai-quota/main.go:446.108,448.43 2 0
github.com/alibaba/higress/plugins/wasm-go/extensions/ai-quota/main.go:448.43,451.5 2 0
github.com/alibaba/higress/plugins/wasm-go/extensions/ai-quota/main.go:452.4,452.99 1 0
github.com/alibaba/higress/plugins/wasm-go/extensions/ai-quota/main.go:454.3,454.17 1 0
github.com/alibaba/higress/plugins/wasm-go/extensions/ai-quota/main.go:454.17,457.4 2 0
github.com/alibaba/higress/plugins/wasm-go/extensions/ai-quota/main.go:460.2,460.26 1 0
